geckodriver를 PATH에서 찾습니다...
Firefox 드라이버2026-04-04 01:06:20 | INFO | Row 1271 | Uploaded (ID=12755831)
geckodriver를 PATH에서 찾습니다...
Firefox 드라이버가 초기화되었습니다.

======================================================================
               Encar SOLD OUT Monitoring System - Setup               
======================================================================


============================================================
                   Google Sheets 연결 중...                    
============================================================

[OK] Google Sheets 연결 성공
  시트 이름: [48H AUTO]비포워드
  시작 행: 1271

[OK] All components initialized successfully


======================================================================
                       BeForward Upload Worker                        
======================================================================

[STARTUP] Initial upload run

======================================================================
                         1단계: 비포워드 매물 업로드 시작                          
======================================================================

[INFO] 9개 매물 업로드 시작...

  [재원표] 국산차 재원표.xlsx 로드 완료 (6개 시트)
  [재원표] 수입차 재원표.xlsx 로드 완료 (16개 시트)
[INFO] 비포워드 로그인 중...
[INFO] BeForward 업로드 드라이버 초기화 완료 (Chrome/Selenium)
[INFO] BeForward 로그인: https://external-vendor.beforward.jp/tempVehDetails/edit
[OK] 로그인 성공: https://external-vendor.beforward.jp/tempVehDetails/edit
[INFO] 팝업 닫기 완료
  [OK] S열 하이퍼링크 추출: https://drive.google.com/drive/folders/1x317FyRMzKtbcCMQ6JSx_o_4e_4laEsn?usp=dri

[Row 1271] 엔카 크롤링: https://fem.encar.com/cars/detail/41325914...
geckodriver를 PATH에서 찾습니다...
Firefox 드라이버가 초기화되었습니다.

============================================================
                        차량 정보 크롤링 시작                        
============================================================
URL: https://fem.encar.com/cars/detail/41325914

차량 ID: 41325914

[ 기본 차량 정보 추출 중... ]
  [DEBUG] 현재 URL: https://fem.encar.com/cars/detail/41325914
  [DEBUG] 페이지 제목: 뉴 A4 30 TDI B8 경기 중고차 : 내차팔기·내차사기
[OK] 기본 차량 정보 추출 완료
  가격: 550만원 -> 550
  연식: 14년 08월 (15년형) -> 2014
  배기량: 1,968cc -> 1968
  주행거리: 122,854km -> 122854
  차종: 뉴 A430 TDIB8

[ 판매자 정보 추출 중... ]
  주소: 경기 안산시 단원구
  연락처 버튼 클릭 성공
  전화번호 버튼 클릭 성공
[OK] 판매자 정보 추출 완료

[ 옵션 정보 추출 중... ]
  옵션 페이지: https://fem.encar.com/cars/option/41325914
[OK] 옵션 24개 추출 (매핑 14개): ['선루프', '전동접이 사이드 미러', '알루미늄 휠', 'ECM 룸미러', '파워 도어록']

[ 성능점검 정보 추출 중... ]
성능점검 페이지로 이동: https://www.encar.com/md/sl/mdsl_regcar.do?method=inspectionViewNew&carid=41325914
[OK] 성능점검 정보 추출 완료
  성능점검기록부: WAUZZZ8K4FN001622

[OK] 모든 정보 추출 완료
[Row 1271] [OK] 엔카 크롤링 완료
[Row 1271] 판매가격 기준(P열): 3705
[Row 1271] 업로드 가격: 4063
[Row 1271] 차대번호 설정(시트): FN001622
[Row 1271] [DEBUG] S열(batch) raw='https://drive.google.com/drive/folders/1x317FyRMzKtbcCMQ6JSx_o_4e_4laEsn?usp=drive_link'
[Row 1271] 드라이브 링크 설정: https://drive.google.com/drive/folders/1x317FyRMzKtbcCMQ6JSx_o_4e_4laEsn?usp=drive_link
[Row 1271] 비포워드 업로드 중...

[INFO] 비포워드 차량 정보 입력 시작
  차대번호: FN001622
  연식: 2014
  주행거리: 122854
  가격: 4063
  [OK] 신규 등록 폼 이동 완료
  [재원표 매칭] 'A4' → 제조사:AUDI | 모델:A4 | 타입:세단 | 문:4 | 좌석:5
  제조사: 'AUDI' (유사도: 0.95)
  모델: 'A4' (1초 후)
  [경고] 폼 필드 대기 타임아웃 (15초)
  [경고] 모델년도 선택 실패 (value=2014)
  [경고] 제조년월 선택 실패 (value=2014)
  [경고] 길이(cm) 필드 없음 (TempVehDetails[length])
  [경고] 너비(cm) 필드 없음 (TempVehDetails[width])
  [경고] 높이(cm) 필드 없음 (TempVehDetails[height])
  [경고] M3 필드 없음 (TempVehDetails[m3])
  [INFO] CBM 기본값: 470x180x150cm, M3=12.69
  [경고] 차대번호 필드 없음 (TempVehDetails[chassis_no])
  [경고] 차량타입 선택 실패: Sedan
  [경고] 주행거리 필드 없음 (TempVehDetails[mileage])
  [경고] 배기량 필드 없음 (TempVehDetails[engine_capacity])
  [경고] 연료 옵션 없음 (검색: '경유')
  [경고] 변속기 옵션 없음 (검색: 'Automatic')
  [경고] 핸들(우핸들) 라디오 없음 (name='TempVehDetails[steering]', value='1')
  [경고] 문개수 입력/선택 실패
  [경고] 구동방식 라디오 없음 (name='TempVehDetails[drive_type]', value='2')
  [INFO] 색상 '흰색'→'화이트' 매칭 실패 → '기타' 선택
  [경고] 색상(기타) 옵션 없음 (검색: '기타')
  [경고] 좌석수 필드 없음 (TempVehDetails[seats])
  [경고] 가격 필드 없음 (id=trade-price-input)
  [경고] 가격(name) 필드 없음 (TempVehDetails[trade_price_input])
  [경고] 할인가 필드 없음 (TempVehDetails[available_discount])
  [경고] 재고위치 옵션 없음 (검색: 'KOREA')
  [INFO] 매핑된 옵션 없음 (총 24개)
  [INFO] 이미지 다운로드 시작...
  [OK] 이미지 다운로드 드라이버 초기화 (download → C:\Users\gglee\OneDrive\Desktop\비포워드_자동화\downloaded_images)
  [드라이브 접속] https://drive.google.com/drive/folders/1x317FyRMzKtbcCMQ6JSx_o_4e_4laEsn?usp=dri
  [OK] EXTERIOR 폴더 발견, 더블클릭...
  [OK] EXTERIOR 파일 목록 로딩 완료
  [INFO] 기존 row_1271 폴더 정리 완료
  [OK] 2개 파일 발견
  [OK] 전체 선택 (Ctrl+A)
  [OK] 다운로드 시작 (툴바 버튼)
  [대기] 다운로드 완료 대기 (최대 90초)...
    Phase 1: 다운로드 시작 대기...
    Phase 1 완료: 새 파일 감지 ['미확인 806219.crdownload']
    Phase 2: 다운로드 완료 대기...
  [경고] 다운로드 완료 대기 타임아웃
  [DEBUG] 다운로드 폴더 신규 파일: ['EXTERIOR-20260403T160304Z-3-001.zip', '미확인 806219.crdownload']
  [OK] ZIP 후보 발견: EXTERIOR-20260403T160304Z-3-001.zip
    [OK] KakaoTalk_20260331_181218825.jpg
    [OK] KakaoTalk_20260331_181218825_01.jpg
    [OK] KakaoTalk_20260331_181218825_02.jpg
    [OK] KakaoTalk_20260331_181218825_03.jpg
    [OK] KakaoTalk_20260331_181218825_04.jpg
    [OK] KakaoTalk_20260331_181218825_05.jpg
    [OK] KakaoTalk_20260331_181218825_06.jpg
    [OK] KakaoTalk_20260331_181218825_07.jpg
    [OK] KakaoTalk_20260331_181231487.jpg
    [OK] KakaoTalk_20260331_181231487_01.jpg
    [OK] KakaoTalk_20260331_181231487_02.jpg
    [OK] KakaoTalk_20260331_181231487_03.jpg
  [완료] 총 12개 이미지 다운로드
  [INFO] 드라이브 이미지 다운로드 완료: 12개
    - KakaoTalk_20260331_181218825.jpg (3484276 bytes)
    - KakaoTalk_20260331_181218825_01.jpg (3615216 bytes)
    - KakaoTalk_20260331_181218825_02.jpg (3700543 bytes)
    - KakaoTalk_20260331_181218825_03.jpg (355  [INFO] 다운로드 결과: 12개 파일
  [OK] 클릭 완료: //*[@id="chk-compensation-agree"]
[경고] 저장 중 오류: Message: invalid session id: session deleted as the browser has closed the connection
from disconnected: not connected to DevTools
  (Session info: chrome=146.0.7680.178); For documentation on this error, please visit: https://www.selenium.dev/documentation/webdriver/troubleshooting/errors#invalidsessionidexception
Stacktrace:
	chromedriver!GetHandleVerifier [0x7ff76d9a29c5+2ed785]
	chromedriver!GetHandleVerifier [0x7ff76d6ca0d0+14e90]
	chromedriver!(No symbol) [0x7ff76d42db2d]
	chromedriver!(No symbol) [0x7ff76d418ca2]
	chromedriver!(No symbol) [0x7ff76d43f416]
	chromedriver!(No symbol) [0x7ff76d4b70e0]
	chromedriver!(No symbol) [0x7ff76d4d3482]
	chromedriver!(No symbol) [0x7ff76d479298]
	chromedriver!(No symbol) [0x7ff76d47a183]
	chromedriver!GetHandleVerifier [0x7ff76d9cde0d+318bcd]
	chromedriver!GetHandleVerifier [0x7ff76d9c8588+313348]
	chromedriver!GetHandleVerifier [0x7ff76d9e9d7a+334b3a]
	chromedriver!GetHandleVerifier [0x7ff76d6e6785+31545]
	chromedriver!GetHandleVerifier [0x7ff76d6efacc+3a88c]
	chromedriver!GetHandleVerifier [0x7ff76d6d3634+1e3f4]
	chromedriver!GetHandleVerifier [0x7ff76d6d37e6+1e5a6]
	chromedriver!GetHandleVerifier [0x7ff76d6b7e37+2bf7]
	KERNEL32!BaseThreadInitThunk [0x7ff92e7ce8d7+17]
	ntdll!RtlUserThreadStart [0x7ff92f58c48c+2c]

  [경고] 스크린샷 저장 실패: Message: invalid session id; For documentation on this error, please visit: https://www.selenium.dev/documentation/webdriver/troubleshooting/er2026-04-04 01:10:36 | INFO | Row 1272 | Uploaded (ID=12755841)
  [INFO] 파일명 변환: KakaoTalk_20260331_181231487_02.jpg → bf1775232288_987b1d90_10.jpg
  [INFO] 파일명 변환: KakaoTalk_20260331_181231487_03.jpg → bf1775232288_583e1c4d_11.jpg
  [OK] 이미지 1/12: bf1775232288_45ff98f6_0.jpg
  [OK] 이미지 2/12: bf1775232288_e7f99363_1.jpg
  [OK] 이미지 3/12: bf1775232288_cebdada3_2.jpg
  [OK] 이미지 4/12: bf1775232288_1152e3bb_3.jpg
  [OK] 이미지 5/12: bf1775232288_5f814204_4.jpg
  [OK] 이미지 6/12: bf1775232288_03b4b912_5.jpg
  [OK] 이미지 7/12: bf1775232288_efe66aa0_6.jpg
  [OK] 이미지 8/12: bf1775232288_faa69b30_7.jpg
  [OK] 이미지 9/12: bf1775232288_6c7890e2_8.jpg
  [OK] 이미지 10/12: bf1775232288_5ea83827_9.jpg
  [OK] 이미지 11/12: bf1775232288_987b1d90_10.jpg
  [OK] 이미지 12/12: bf1775232288_583e1c4d_11.jpg
  [OK] 이미지 업로드 완료: 12/12개
  [INFO] 전체 업로드 완료 대기 중...
  [SS] 스크린샷 저장: screenshots/20260404_010532_image_save_btn_not_found.png
  [경고] 이미지 저장 버튼을 찾지 못함 - 계속 진행
  [INFO] 이미지 저장 완료 대기 중 (최대 5분)...
  [OK] 이미지 저장 처리 완료 (4초)
  [OK] 이미지 업로드 완료 (listing=12755831)
  [OK] 이미지 업로드 완료
  [INFO] 성능 페이지 버튼 클릭으로 이동
  [경고] 클릭 실패 (timeout): 성능점검 탭
  [경고] 클릭 실패 (timeout): 성능점검 탭
  [경고] 클릭 실패 (timeout): 성능점검 탭
  [경고] 클릭 실패 (timeout): 성능점검 탭
  [경고] 성능점검 탭 버튼 찾기 실패
  [SS] 스크린샷 저장: screenshots/20260404_010606_condition_tab_not_found.png
  [INFO] 버튼 실패 → 관리 페이지에서 찾기
  [OK] 수정 페이지 이동 (listing=12755831)
  [OK] 성능점검 탭 클릭 (CSS: a[href*="ConditionsSheet"])
  [OK] 클릭 완료: 부식 NO
  [OK] 클릭 완료: 없음
  [경고] 성능 페이지 저장 버튼을 찾지 못함
  [SS] 스크린샷 저장: screenshots/20260404_010620_condition_save_failed.png
  [OK] 완료: 차량 저장 + 이미지 + 성능 (ID=12755831)
[Row 1271] [OK] 업로드 성공! (ID=12755831)
[OK] Row 1271 | Updated COMPLETED: UPLOADED
  [정리] 삭제: KakaoTalk_20260331_181218825.jpg
  [정리] 삭제: KakaoTalk_20260331_181218825_01.jpg
  [정리] 삭제: KakaoTalk_20260331_181218825_02.jpg
  [정리] 삭제: KakaoTalk_20260331_181218825_03.jpg
  [정리] 삭제: KakaoTalk_20260331_181218825_04.jpg
  [정리] 삭제: KakaoTalk_20260331_181218825_05.jpg
  [정리] 삭제: KakaoTalk_20260331_181218825_06.jpg
  [정리] 삭제: KakaoTalk_20260331_181218825_07.jpg
  [정리] 삭제: KakaoTalk_20260331_181231487.jpg
  [정리] 삭제: KakaoTalk_20260331_181231487_01.jpg
  [정리] 삭제: KakaoTalk_20260331_181231487_02.jpg
  [정리] 삭제: KakaoTalk_20260331_181231487_03.jpg
  [정리] 폴더 삭제: C:\Users\gglee\OneDrive\Desktop\비포워드_자동화\downloaded_images\row_1271\EXTERIOR
  [OK] S열 하이퍼링크 추출: https://drive.google.com/drive/folders/1125_CEYTlgsK9cD4YLDrF51wyGdp2Btw?usp=dri

[Row 1272] 엔카 크롤링: https://fem.encar.com/cars/detail/41709354?pageid=fc_carsear...

============================================================
                        차량 정보 크롤링 시작                        
============================================================
URL: https://fem.encar.com/cars/detail/41709354?pageid=fc_carsearch&listAdvType=normal&carid=41709354&view_type=checked&adv_attribute=&wtClick_forList=019&advClickPosition=imp_normal_p3_g21&tempht_arg=rS13m6PLh4X8_20

차량 ID: 41709354

[ 기본 차량 정보 추출 중... ]
  [DEBUG] 현재 URL: https://fem.encar.com/cars/detail/41709354?pageid=fc_carsearch&listAdvType=normal&carid=41709354&view_type=checked&adv_attribute=&wtClick_forList=019&advClickPosition=imp_normal_p3_g21&tempht_arg=rS13m6PLh4X8_20
  [DEBUG] 페이지 제목: 5시리즈 GT (F07) GT 인천 중고차 : 내차팔기·내차사기
[OK] 기본 차량 정보 추출 완료
  가격: 630만원 -> 630
  연식: 11년 04월 -> 2011
  배기량: 2,979cc -> 2979
  주행거리: 112,662km -> 112662
  차종: 5시리즈 GT (F07)GT

[ 판매자 정보 추출 중... ]
  주소: 인천 서구
  연락처 버튼 클릭 성공
  전화번호 버튼 클릭 성공
[OK] 판매자 정보 추출 완료

[ 옵션 정보 추출 중... ]
  옵션 페이지: https://fem.encar.com/cars/option/41709354
[OK] 옵션 32개 추출 (매핑 15개): ['선루프', '전동접이 사이드 미러', '알루미늄 휠', '전동 조절 스티어링 휠', '스티어링 휠 리모컨']

[ 성능점검 정보 추출 중... ]
성능점검 페이지로 이동: https://www.encar.com/md/sl/mdsl_regcar.do?method=inspectionViewNew&carid=41709354
[OK] 성능점검 정보 추출 완료
  성능점검기록부: WBASN2104BC900760

[OK] 모든 정보 추출 완료
[Row 1272] [OK] 엔카 크롤링 완료
[Row 1272] 판매가격 기준(P열): 3896
[Row 1272] 업로드 가격: 4254
[Row 1272] 차대번호 설정(시트): BC900760
[Row 1272] [DEBUG] S열(batch) raw='https://drive.google.com/drive/folders/1125_CEYTlgsK9cD4YLDrF51wyGdp2Btw?usp=drive_link'
[Row 1272] 드라이브 링크 설정: https://drive.google.com/drive/folders/1125_CEYTlgsK9cD4YLDrF51wyGdp2Btw?usp=drive_link
[Row 1272] 비포워드 업로드 중...

[INFO] 비포워드 차량 정보 입력 시작
  차대번호: BC900760
  연식: 2011
  주행거리: 112662
  가격: 4254
  [OK] 신규 등록 폼 이동 완료
  [재원표 매칭] '5시리즈' → 제조사:BMW | 모델:5 Series | 타입:세단 | 문:4 | 좌석:5
  제조사: 'BMW' (유사도: 0.95)
  모델: '5 Series' (1초 후)
  [경고] 폼 필드 대기 타임아웃 (15초)
  [경고] 모델년도 선택 실패 (value=2011)
  [경고] 제조년월 선택 실패 (value=2011)
  [경고] 길이(cm) 필드 없음 (TempVehDetails[length])
  [경고] 너비(cm) 필드 없음 (TempVehDetails[width])
  [경고] 높이(cm) 필드 없음 (TempVehDetails[height])
  [경고] M3 필드 없음 (TempVehDetails[m3])
  [INFO] CBM 기본값: 470x180x150cm, M3=12.69
  [경고] 차대번호 필드 없음 (TempVehDetails[chassis_no])
  [경고] 차량타입 선택 실패: Sedan
  [경고] 주행거리 필드 없음 (TempVehDetails[mileage])
  [경고] 배기량 필드 없음 (TempVehDetails[engine_capacity])
  [경고] 연료 옵션 없음 (검색: '휘발유')
  [경고] 변속기 옵션 없음 (검색: 'Automatic')
  [경고] 핸들(우핸들) 라디오 없음 (name='TempVehDetails[steering]', value='1')
  [경고] 문개수 입력/선택 실패
  [경고] 구동방식 라디오 없음 (name='TempVehDetails[drive_type]', value='2')
  [INFO] 색상 '은회색'→'실버' 매칭 실패 → '기타' 선택
  [경고] 색상(기타) 옵션 없음 (검색: '기타')
  [경고] 좌석수 필드 없음 (TempVehDetails[seats])
  [경고] 가격 필드 없음 (id=trade-price-input)
  [경고] 가격(name) 필드 없음 (TempVehDetails[trade_price_input])
  [경고] 할인가 필드 없음 (TempVehDetails[available_discount])
  [경고] 재고위치 옵션 없음 (검색: 'KOREA')
  [INFO] 매핑된 옵션 없음 (총 32개)
  [INFO] 이미지 다운로드 시작...
  [OK] 이미지 다운로드 드라이버 초기화 (download → C:\Users\gglee\OneDrive\Desktop\비포워드_자동화\downloaded_images)
  [드라이브 접속] https://drive.google.com/drive/folders/1125_CEYTlgsK9cD4YLDrF51wyGdp2Btw?usp=dri
  [OK] EXTERIOR 폴더 발견, 더블클릭...
  [OK] EXTERIOR 파일 목록 로딩 완료
  [INFO] 기존 row_1272 폴더 정리 완료
  [OK] 2개 파일 발견
  [OK] 전체 선택 (Ctrl+A)
  [OK] 다운로드 시작 (툴바 버튼)
  [대기] 다운로드 완료 대기 (최대 90초)...
    Phase 1: 다운로드 시작 대기...
    Phase 1 완료: 새 파일 감지 ['미확인 806219.crdownload']
    Phase 2: 다운로드 완료 대기...
  [경고] 다운로드 완료 대기 타임아웃
  [DEBUG] 다운로드 폴더 신규 파일: ['EXTERIOR-20260403T160732Z-3-001 (1).zip', 'EXTERIOR-20260403T160732Z-3-001.zip', '미확인 806219.crdownload']
  [OK] ZIP 후보 발견: EXTERIOR-20260403T160732Z-3-001 (1).zip
    [OK] KakaoTalk_20260331_181218825.jpg
    [OK] KakaoTalk_20260331_181218825_01.jpg
    [OK] KakaoTalk_20260331_181218825_02.jpg
    [OK] KakaoTalk_20260331_181218825_03.jpg
    [OK] KakaoTalk_20260331_181218825_04.jpg
    [OK] KakaoTalk_20260331_181218825_05.jpg
    [OK] KakaoTalk_20260331_181218825_06.jpg
    [OK] KakaoTalk_20260331_181218825_07.jpg
    [OK] KakaoTalk_20260331_181231487.jpg
    [OK] KakaoTalk_20260331_181231487_01.jpg
    [OK] KakaoTalk_20260331_181231487_02.jpg
    [OK] KakaoTalk_20260331_181231487_03.jpg
  [완료] 총 12개 이미지 다운로드
  [INFO] 드라이브 이미지 다운로드 완료: 12개
    - KakaoTalk_20260331_181218825.jpg (3484276 bytes)
    - KakaoTalk_20260331_181218825_01.jpg (3615216 bytes)
    - KakaoTalk_20260331_181218825_02.jpg (3700543 bytes)
    - KakaoTalk_20260331_181218825_03.jpg (3558464 bytes)
    - KakaoTalk_20260331_181218825_04.jpg (3233653 bytes)
Traceback (most recent call last):
  File "C:\Users\gglee\OneDrive\Desktop\비포워드_자동화\비포워드_crawling.py", line 619, in _async_fill_vehicle_data
    if not await self._navigate_to_new_form():
           ^^^^^^^^^^^^^^^^^^^^^^^^^^^^^^^^^^
  File "C:\Users\gglee\OneDrive\Desktop\비포워드_자동화\비포워드_crawling.py", line 505, in _navigate_to_new_form
    await self.tab.get(self.FORM_URL)
  File "C:\Users\gglee\OneDrive\Desktop\비포워드_자동화\비포워드_crawling.py", line 55, in get
    self._driver.get(url)
  File "C:\Users\gglee\OneDrive\Desktop\비포워드_자동화\.venv\Lib\site-packages\selenium\webdriver\remote\webdriver.py", line 452, in get
    self.execute(Command.GET, {"url": url})
  File "C:\Users\gglee\OneDrive\Desktop\비포워드_자동화\.venv\Lib\site-packages\selenium\webdriver\remote\webdriver.py", line 432, in execute
    self.error_handler.check_response(response)
  File "C:\Users\gglee\OneDrive\Desktop\비포워드_자동화\.venv\Lib\site-packages\selenium\webdriver\remote\errorhandler.py", line 232, in check_response
    raise exception_class(message, screen, stacktrace)
selenium.common.exceptions.InvalidSessionIdException: Message: invalid session id: session deleted as the browser has closed the connection
from disconnected: not connected to DevTools
  (Session info: chrome=146.0.7680.178); For documentation on this error, please visit: https://www.selenium.dev/documentation/webdriver/troubleshooting/errors#invalidsessionidexception
Stacktrace:
	chromedriver!GetHandleVerifier [0x7ff76d9a29c5+2ed785]
	chromedriver!GetHandleVerifier [0x7ff76d6ca0d0+14e90]
	chromedriver!(No symbol) [0x7ff76d42db2d]
	chromedriver!(No symbol) [0x7ff76d418ca2]
	chromedriver!(No symbol) [0x7ff76d43f416]
	chromedriver!(No symbol) [0x7ff76d4b70e0]
	chromedriver!(No symbol) [0x7ff76d4d3482]
	chromedriver!(No symbol) [0x7ff76d479298]
	chromedriver!(No symbol) [0x7ff76d47a183]
	chromedriver!GetHandleVerifier [0x7ff76d9cde0d+318bcd]
	chromedriver!GetHandleVerifier [0x7ff76d9c8588+313348]
	chromedriver!GetHandleVerifier [0x7ff76d9e9d7a+334b3a]
	chromedriver!GetHandleVerifier [0x7ff76d6e6785+31545]
	chromedriver!GetHandleVerifier [0x7ff76d6efacc+3a88c]
	chromedriver!GetHandleVerifier [0x7ff76d6d3634+1e3f4]
	chromedriver!GetHandleVerifier [0x7ff76d6d37e6+1e5a6]
	chromedriver!GetHandleVerifier [0x7ff76d6b7e37+2bf7]
	KERNEL32!BaseThreadInitThunk [0x7ff92e7ce8d7+17]
	ntdll!RtlUserThreadStart [0x7ff92f58c48c+2c]

2026-04-04 01:15:07 | ERROR | Row 1273 | UPLOAD_ERROR | Message: invalid session id: session deleted as the browser has closed the connection
from disconnected: not connected to DevTools
  (Session info: chrome=146.0.7680.178); For documentation on this error, please visit: https://www.selenium.dev/documentation/webdriver/troubleshooting/errors#invalidsessionidexception
Stacktrace:
	chromedriver!GetHandleVerifier [0x7ff76d9a29c5+2ed785]
	chromedriver!GetHandleVerifier [0x7ff76d6ca0d0+14e90]
	chromedriver!(No symbol) [0x7ff76d42db2d]
	chromedriver!(No symbol) [0x7ff76d418ca2]
	chromedriver!(No symbol) [0x7ff76d43f416]
	chromedriver!(No symbol) [0x7ff76d4b70e0]
	chromedriver!(No symbol) [0x7ff76d4d3482]
	chromedriver!(No symbol) [0x7ff76d479298]
	chromedriver!(No symbol) [0x7ff76d47a183]
	chromedriver!GetHandleVerifier [0x7ff76d9cde0d+318bcd]
	chromedriver!GetHandleVerifier [0x7ff76d9c8588+313348]
	chromedriver!GetHandleVerifier [0x7ff76d9e9d7a+334b3a]
	chromedriver!GetHandleVerifier [0x7ff76d6e6785+31545]
	chromedriver!GetHandleVerifier [0x7ff76d6efacc+3a88c]
	chromedriver!GetHandleVerifier [0x7ff76d6d3634+1e3f4]
	chromedriver!GetHandleVerifier [0x7ff76d6d37e6+1e5a6]
	chromedriver!GetHandleVerifier [0x7ff76d6b7e37+2bf7]
	KERNEL32!BaseThreadInitThunk [0x7ff92e7ce8d7+17]
	ntdll!RtlUserThreadStart [0x7ff92f58c48c+2c]

Traceback (most recent call last):
  File "C:\Users\gglee\OneDrive\Desktop\비포워드_자동화\encar_soldout_monitor.py", line 346, in upload_new_listings
    upload_ok = self.beforward_uploader.fill_vehicle_data(car_info, auto_submit=True)
                ^^^^^^^^^^^^^^^^^^^^^^^^^^^^^^^^^^^^^^^^^^^^^^^^^^^^^^^^^^^^^^^^^^^^^
  File "C:\Users\gglee\OneDrive\Desktop\비포워드_자동화\비포워드_crawling.py", line 407, in fill_vehicle_data
    return self._run(self._async_fill_vehicle_data(car_info, auto_submit))
           ^^^^^^^^^^^^^^^^^^^^^^^^^^^^^^^^^^^^^^^^^^^^^^^^^^^^^^^^^^^^^^^
  File "C:\Users\gglee\OneDrive\Desktop\비포워드_자동화\비포워드_crawling.py", line 312, in _run
    return self._get_loop().run_until_complete(coro)
           ^^^^^^^^^^^^^^^^^^^^^^^^^^^^^^^^^^^^^^^^^
  File "C:\Users\gglee\AppData\Local\Programs\Python\Python312\Lib\asyncio\base_events.py", line 664, in run_until_complete
    return future.result()
           ^^^^^^^^^^^^^^^
  File "C:\Users\gglee\OneDrive\Desktop\비포워드_자동화\비포워드_crawling.py", line 619, in _async_fill_vehicle_data
    if not await self._navigate_to_new_form():
           ^^^^^^^^^^^^^^^^^^^^^^^^^^^^^^^^^^
  File "C:\Users\gglee\OneDrive\Desktop\비포워드_자동화\비포워드_crawling.py", line 505, in _navigate_to_new_form
    await self.tab.get(self.FORM_URL)
  File "C:\Users\gglee\OneDrive\Desktop\비포워드_자동화\비포워드_crawling.py", line 55, in get
    self._driver.get(url)
  File "C:\Users\gglee\OneDrive\Desktop\비포워드_자동화\.venv\Lib\site-packages\selenium\webdriver\remote\webdriver.py", line 452, in get
    self.execute(Command.GET, {"url": url})
  File "C:\Users\gglee\OneDrive\Desktop\비포워드_자동화\.venv\Lib\site-packages\selenium\webdriver\remote\webdriver.py", line 432, in execute
    self.error_handler.check_response(response)
  File "C:\Users\gglee\OneDrive\Desktop\비포워드_자동화\.venv\Lib\site-packages\selenium\webdriver\remote\errorhandler.py", line 232, in check_response
    raise exception_class(message, screen, stacktrace)
selenium.common.exceptions.InvalidSessionIdException: Message: invalid session id: session deleted as the browser has closed the connection
from disconnected: not connected to DevTools
  (Session info: chrome=146.0.7680.178); For documentation on this error, please visit: https://www.selenium.dev/documentation/webdriver/troubleshooting/errors#invalidsessionidexception
Stacktrace:
	chromedriver!GetHandleVerifier [0x7ff76d9a29c5+2ed785]
	chromedriver!GetHandleVerifier [0x7ff76d6ca0d0+14e90]
	chromedriver!(No symbol) [0x7ff76d42db2d]
	chromedriver!(No symbol) [0x7ff76d418ca2]
	chromedriver!(No symbol) [0x7ff76d43f416]
	chromedriver!(No symbol) [0x7ff76d4b70e0]
	chromedriver!(No symbol) [0x7ff76d4d3482]
	chromedriver!(No symbol) [0x7ff76d479298]
	chromedriver!(No symbol) [0x7ff76d47a183]
	chromedriver!GetHandleVerifier [0x7ff76d9cde0d+318bcd]
	chromedriver!GetHandleVerifier [0x7ff76d9c8588+313348]
	chromedriver!GetHandleVerifier [0x7ff76d9e9d7a+334b3a]
	chromedriver!GetHandleVerifier [0x7ff76d6e6785+31545]
	chromedriver!GetHandleVerifier [0x7ff76d6efacc+3a88c]
	chromedriver!GetHandleVerifier [0x7ff76d6d3634+1e3f4]
	chromedriver!GetHandleVerifier [0x7ff76d6d37e6+1e5a6]
	chromedriver!GetHandleVerifier [0x7ff76d6b7e37+2bf7]
	KERNEL32!BaseThreadInitThunk [0x7ff92e7ce8d7+17]
	ntdll!RtlUserThreadStart [0x7ff92f58c48c+2c]

2026-04-04 01:16:31 | INFO | Row 1274 | Uploaded (ID=12755875)
  [INFO] 다운로드 결과: 12개 파일
  [OK] 클릭 완료: //*[@id="chk-compensation-agree"]
[OK] 저장 버튼 클릭 완료
  [DEBUG] 저장 후 URL: https://external-vendor.beforward.jp/photo/upload/12755841
  [DEBUG] 캡처된 alert: None
  [OK] listing ID (URL에서 추출): 12755841
  [INFO] 수정 페이지 이동 (listing=12755841)
  [OK] 수정 페이지 이동 (listing=12755841)
  [OK] 이미지 탭 클릭 (CSS: button.btn-info)
  [DEBUG] 이미지 페이지 URL: https://external-vendor.beforward.jp/photo/upload/12755841
  [DEBUG] 업로드 페이지 URL: https://external-vendor.beforward.jp/photo/upload/12755841
  [INFO] 파일명 변환: KakaoTalk_20260331_181218825.jpg → bf1775232555_74234521_0.jpg
  [INFO] 파일명 변환: KakaoTalk_20260331_181218825_01.jpg → bf1775232555_dfa54c1a_1.jpg
  [INFO] 파일명 변환: KakaoTalk_20260331_181218825_02.jpg → bf1775232555_5104c6d4_2.jpg
  [INFO] 파일명 변환: KakaoTalk_20260331_181218825_03.jpg → bf1775232555_07e25b60_3.jpg
  [INFO] 파일명 변환: KakaoTalk_20260331_181218825_04.jpg → bf1775232555_a0fc422e_4.jpg
  [INFO] 파일명 변환: KakaoTalk_20260331_181218825_05.jpg → bf1775232555_5762fa70_5.jpg
  [INFO] 파일명 변환: KakaoTalk_20260331_181218825_06.jpg → bf1775232555_3e3eb977_6.jpg
  [INFO] 파일명 변환: KakaoTalk_20260331_181218825_07.jpg → bf1775232555_ac0f5217_7.jpg
  [INFO] 파일명 변환: KakaoTalk_20260331_181231487.jpg → bf1775232555_7f134d9b_8.jpg
  [INFO] 파일명 변환: KakaoTalk_20260331_181231487_01.jpg → bf1775232555_4607ab2a_9.jpg
  [INFO] 파일명 변환: KakaoTalk_20260331_181231487_02.jpg → bf1775232555_856bb99c_10.jpg
  [INFO] 파일명 변환: KakaoTalk_20260331_181231487_03.jpg → bf1775232555_b6bcf720_11.jpg
  [OK] 이미지 1/12: bf1775232555_74234521_0.jpg
  [OK] 이미지 2/12: bf1775232555_dfa54c1a_1.jpg
  [OK] 이미지 3/12: bf1775232555_5104c6d4_2.jpg
  [OK] 이미지 4/12: bf1775232555_07e25b60_3.jpg
  [OK] 이미지 5/12: bf1775232555_a0fc422e_4.jpg
  [OK] 이미지 6/12: bf1775232555_5762fa70_5.jpg
  [OK] 이미지 7/12: bf1775232555_3e3eb977_6.jpg
  [OK] 이미지 8/12: bf1775232555_ac0f5217_7.jpg
  [OK] 이미지 9/12: bf1775232555_7f134d9b_8.jpg
  [OK] 이미지 10/12: bf1775232555_4607ab2a_9.jpg
  [OK] 이미지 11/12: bf1775232555_856bb99c_10.jpg
  [OK] 이미지 12/12: bf1775232555_b6bcf720_11.jpg
  [OK] 이미지 업로드 완료: 12/12개
  [INFO] 전체 업로드 완료 대기 중...
  [SS] 스크린샷 저장: screenshots/20260404_011000_image_save_btn_not_found.png
  [경고] 이미지 저장 버튼을 찾지 못함 - 계속 진행
  [INFO] 이미지 저장 완료 대기 중 (최대 5분)...
  [OK] 이미지 저장 처리 완료 (4초)
  [OK] 이미지 업로드 완료 (listing=12755841)
  [OK] 이미지 업로드 완료
  [INFO] 성능 페이지 버튼 클릭으로 이동
  [경고] 클릭 실패 (timeout): 성능점검 탭
  [OK] 클릭 완료: 성능점검 탭
  [경고] 클릭 실패 (timeout): 부식 NO
  [경고] 부식 NO 클릭 실패
  [경고] 클릭 실패 (timeout): 없음
  [경고] 없음 클릭 실패
  [경고] 성능 페이지 저장 버튼을 찾지 못함
  [SS] 스크린샷 저장: screenshots/20260404_011036_condition_save_failed.png
  [OK] 완료: 차량 저장 + 이미지 + 성능 (ID=12755841)
[Row 1272] [OK] 업로드 성공! (ID=12755841)
[OK] Row 1272 | Updated COMPLETED: UPLOADED
  [정리] 삭제: KakaoTalk_20260331_181218825.jpg
  [정리] 삭제: KakaoTalk_20260331_181218825_01.jpg
  [정리] 삭제: KakaoTalk_20260331_181218825_02.jpg
  [정리] 삭제: KakaoTalk_20260331_181218825_03.jpg
  [정리] 삭제: KakaoTalk_20260331_181218825_04.jpg
  [정리] 삭제: KakaoTalk_20260331_181218825_05.jpg
  [정리] 삭제: KakaoTalk_20260331_181218825_06.jpg
  [정리] 삭제: KakaoTalk_20260331_181218825_07.jpg
  [정리] 삭제: KakaoTalk_20260331_181231487.jpg
  [정리] 삭제: KakaoTalk_20260331_181231487_01.jpg
  [정리] 삭제: KakaoTalk_20260331_181231487_02.jpg
  [정리] 삭제: KakaoTalk_20260331_181231487_03.jpg
  [정리] 폴더 삭제: C:\Users\gglee\OneDrive\Desktop\비포워드_자동화\downloaded_images\row_1272\EXTERIOR
  [OK] S열 하이퍼링크 추출: https://drive.google.com/drive/folders/1oTb4J2awJQN5X9L_gUB_O5kZqvcTZtvM?usp=dri

[Row 1273] 엔카 크롤링: https://fem.encar.com/cars/detail/41613825?advClickPosition=...

============================================================
                        차량 정보 크롤링 시작                        
============================================================
URL: https://fem.encar.com/cars/detail/41613825?advClickPosition=mweb_mhightlight_g27_t85&listAdvType=mhighlight&type=detail&view_type=hs_ad&_gl=1*1ruxjnf*_gcl_au*NTYzMDk4NzMuMTc3NDIwNDUxMA..*_ga*MTk1MTY5MTc5Ny4xNzU4NjM4MzU3*_ga_BQ7RK9J6BZ*czE3NzQ5MDI1MDEkbzYzMCRnMSR0MTc3NDkwMjUzNyRqMjQkbDAkaDIwNDk1NzYzOTI

차량 ID: 41613825

[ 기본 차량 정보 추출 중... ]
  [DEBUG] 현재 URL: https://fem.encar.com/cars/detail/41613825?advClickPosition=mweb_mhightlight_g27_t85&listAdvType=mhighlight&type=detail&view_type=hs_ad&_gl=1*1ruxjnf*_gcl_au*NTYzMDk4NzMuMTc3NDIwNDUxMA..*_ga*MTk1MTY5MTc5Ny4xNzU4NjM4MzU3*_ga_BQ7RK9J6BZ*czE3NzQ5MDI1MDEkbzYzMCRnMSR0MTc3NDkwMjUzNyRqMjQkbDAkaDIwNDk1NzYzOTI
  [DEBUG] 페이지 제목: A6 (C8) 45 TDI 콰트로 프리미엄 부산 중고차 : 내차팔기·내차사기
[OK] 기본 차량 정보 추출 완료
  가격: 3,750만원 -> 3750
  연식: 20년 04월 -> 2020
  배기량: 2,967cc -> 2967
  주행거리: 75,624km -> 75624
  차종: A6 (C8)45 TDI 콰트로 프리미엄

[ 판매자 정보 추출 중... ]
  주소: 부산 기장군
  연락처 버튼 클릭 성공
[경고] 전화번호 보기 버튼을 찾을 수 없습니다.

[ 옵션 정보 추출 중... ]
  옵션 페이지: https://fem.encar.com/cars/option/41613825
[OK] 옵션 36개 추출 (매핑 15개): ['선루프', '파워 전동 트렁크', '전동접이 사이드 미러', '알루미늄 휠', '열선 스티어링 휠']

[ 성능점검 정보 추출 중... ]
성능점검 페이지로 이동: https://www.encar.com/md/sl/mdsl_regcar.do?method=inspectionViewNew&carid=41613825
[경고] 성능점검기록부 요소를 찾을 수 없습니다.
[경고] 성능점검 페이지를 찾을 수 없습니다.

[OK] 모든 정보 추출 완료
[Row 1273] [OK] 엔카 크롤링 완료
[Row 1273] 판매가격 기준(P열): 24334
[Row 1273] 업로드 가격: 25550
[Row 1273] 차대번호 설정(시트): LN051403
[Row 1273] [DEBUG] S열(batch) raw='https://drive.google.com/drive/folders/1oTb4J2awJQN5X9L_gUB_O5kZqvcTZtvM?usp=drive_link'
[Row 1273] 드라이브 링크 설정: https://drive.google.com/drive/folders/1oTb4J2awJQN5X9L_gUB_O5kZqvcTZtvM?usp=drive_link
[Row 1273] 비포워드 업로드 중...

[INFO] 비포워드 차량 정보 입력 시작
  차대번호: LN051403
  연식: 2020
  주행거리: 75624
  가격: 25550
[오류] 차량 정보 입력 중 오류: Message: invalid session id: session deleted as the browser has closed the connection
from disconnected: not connected to DevTools
  (Session info: chrome=146.0.7680.178); For documentation on this error, please visit: https://www.selenium.dev/documentation/webdriver/troubleshooting/errors#invalidsessionidexception
Stacktrace:
	chromedriver!GetHandleVerifier [0x7ff76d9a29c5+2ed785]
	chromedriver!GetHandleVerifier [0x7ff76d6ca0d0+14e90]
	chromedriver!(No symbol) [0x7ff76d42db2d]
	chromedriver!(No symbol) [0x7ff76d418ca2]
	chromedriver!(No symbol) [0x7ff76d43f416]
	chromedriver!(No symbol) [0x7ff76d4b70e0]
	chromedriver!(No symbol) [0x7ff76d4d3482]
	chromedriver!(No symbol) [0x7ff76d479298]
	chromedriver!(No symbol) [0x7ff76d47a183]
	chromedriver!GetHandleVerifier [0x7ff76d9cde0d+318bcd]
	chromedriver!GetHandleVerifier [0x7ff76d9c8588+313348]
	chromedriver!GetHandleVerifier [0x7ff76d9e9d7a+334b3a]
	chromedriver!GetHandleVerifier [0x7ff76d6e6785+31545]
	chromedriver!GetHandleVerifier [0x7ff76d6efacc+3a88c]
	chromedriver!GetHandleVerifier [0x7ff76d6d3634+1e3f4]
	chromedriver!GetHandleVerifier [0x7ff76d6d37e6+1e5a6]
	chromedriver!GetHandleVerifier [0x7ff76d6b7e37+2bf7]
	KERNEL32!BaseThreadInitThunk [0x7ff92e7ce8d7+17]
	ntdll!RtlUserThreadStart [0x7ff92f58c48c+2c]

2026-04-04 01:19:28 | ERROR | Row 1275 | UPLOAD_FAILED | ByForward upload failed after 3 retries
  [경고] 스크린샷 저장 실패: Message: invalid session id; For documentation on this error, please visit: https://www.selenium.dev/documentation/webdriver/troubleshooting/errors#invalidsessionidexception
Stacktrace:
	chromedriver!GetHandleVerifier [0x7ff76d9a29c5+2ed785]
	chromedriver!GetHandleVerifier [0x7ff76d6ca0d0+14e90]
	chromedriver!(No symbol) [0x7ff76d42d916]
	chromedriver!(No symbol) [0x7ff76d478313]
	chromedriver!(No symbol) [0x7ff76d4afe92]
	chromedriver!(No symbol) [0x7ff76d4aa011]
	chromedriver!(No symbol) [0x7ff76d4a92c3]
	chromedriver!(No symbol) [0x7ff76d3f6565]
	chromedriver!GetHandleVerifier [0x7ff76d9cde0d+318bcd]
	chromedriver!GetHandleVerifier [0x7ff76d9c8588+313348]
	chromedriver!GetHandleVerifier [0x7ff76d9e9d7a+334b3a]
	chromedriver!GetHandleVerifier [0x7ff76d6e6785+31545]
	chromedriver!GetHandleVerifier [0x7ff76d6efacc+3a88c]
	chromedriver!(No symbol) [0x7ff76d3f532a]
	chromedriver!GetHandleVerifier [0x7ff76db24b48+46f908]
	KERNEL32!BaseThreadInitThunk [0x7ff92e7ce8d7+17]
	ntdll!RtlUserThreadStart [0x7ff92f58c48c+2c]

[Row 1273] [ERR] 오류: Message: invalid session id: session deleted as the browser has closed the connection
from disconnected: not connected to DevTools
  (Session info: chrome=146.0.7680.178); For documentation on this error, please visit: https://www.selenium.dev/documentation/webdriver/troubleshooting/errors#invalidsessionidexception
Stacktrace:
	chromedriver!GetHandleVerifier [0x7ff76d9a29c5+2ed785]
	chromedriver!GetHandleVerifier [0x7ff76d6ca0d0+14e90]
	chromedriver!(No symbol) [0x7ff76d42db2d]
	chromedriver!(No symbol) [0x7ff76d418ca2]
	chromedriver!(No symbol) [0x7ff76d43f416]
	chromedriver!(No symbol) [0x7ff76d4b70e0]
	chromedriver!(No symbol) [0x7ff76d4d3482]
	chromedriver!(No symbol) [0x7ff76d479298]
	chromedriver!(No symbol) [0x7ff76d47a183]
	chromedriver!GetHandleVerifier [0x7ff76d9cde0d+318bcd]
	chromedriver!GetHandleVerifier [0x7ff76d9c8588+313348]
	chromedriver!GetHandleVerifier [0x7ff76d9e9d7a+334b3a]
	chromedriver!GetHandleVerifier [0x7ff76d6e6785+31545]
	chromedriver!GetHandleVerifier [0x7ff76d6efacc+3a88c]
	chromedriver!GetHandleVerifier [0x7ff76d6d3634+1e3f4]
	chromedriver!GetHandleVerifier [0x7ff76d6d37e6+1e5a6]
	chromedriver!GetHandleVerifier [0x7ff76d6b7e37+2bf7]
	KERNEL32!BaseThreadInitThunk [0x7ff92e7ce8d7+17]
	ntdll!RtlUserThreadStart [0x7ff92f58c48c+2c]

[INFO] Chrome 세션 복구 중...
[OK] BeForward 업로드 드라이버 종료
[INFO] BeForward 업로드 드라이버 초기화 완료 (Chrome/Selenium)
[INFO] BeForward 로그인: https://external-vendor.beforward.jp/tempVehDetails/edit
[OK] 로그인 성공: https://external-vendor.beforward.jp/tempVehDetails/edit
  [OK] S열 하이퍼링크 추출: https://mangoworldcar.com/ko/mit-inspection/WDDWF0FB7HR231721?readonly=true

[Row 1274] 엔카 크롤링: https://fem.encar.com/cars/detail/41714740...

============================================================
                        차량 정보 크롤링 시작                        
============================================================
URL: https://fem.encar.com/cars/detail/41714740

차량 ID: 41714740

[ 기본 차량 정보 추출 중... ]
  [DEBUG] 현재 URL: https://fem.encar.com/cars/detail/41714740
  [DEBUG] 페이지 제목: C-클래스 W205 C220 d 4MATIC 경기 중고차 : 내차팔기·내차사기
[OK] 기본 차량 정보 추출 완료
  가격: 1,550만원 -> 1550
  연식: 16년 11월 (17년형) -> 2016
  배기량: 2,143cc -> 2143
  주행거리: 111,858km -> 111858
  차종: C-클래스 W205C220 d 4MATIC

[ 판매자 정보 추출 중... ]
  주소: 경기 수원시 권선구 권선로 308-5
  연락처 버튼 클릭 성공
  전화번호 버튼 클릭 성공
[OK] 판매자 정보 추출 완료

[ 옵션 정보 추출 중... ]
  옵션 페이지: https://fem.encar.com/cars/option/41714740
[OK] 옵션 33개 추출 (매핑 15개): ['선루프', '전동접이 사이드 미러', '알루미늄 휠', '전동 조절 스티어링 휠', '패들 시프트']

[ 성능점검 정보 추출 중... ]
성능점검 페이지로 이동: https://www.encar.com/md/sl/mdsl_regcar.do?method=inspectionViewNew&carid=41714740
[OK] 성능점검 정보 추출 완료
  성능점검기록부: WDDWF0FB7HR231721

[OK] 모든 정보 추출 완료
[Row 1274] [OK] 엔카 크롤링 완료
[Row 1274] 판매가격 기준(P열): 9701
[Row 1274] 업로드 가격: 10196
[Row 1274] 차대번호 설정(시트): HR231721
[Row 1274] [DEBUG] S열(batch) raw='https://mangoworldcar.com/ko/mit-inspection/WDDWF0FB7HR231721?readonly=true'
[Row 1274] [DEBUG] batch 값이 drive URL 아님: 'https://mangoworldcar.com/ko/mit-inspection/WDDWF0FB7HR231721?readonly=true' → fallback
  [OK] S열 하이퍼링크 추출: https://mangoworldcar.com/ko/mit-inspection/WDDWF0FB7HR231721?readonly=true
[Row 1274] 드라이브 링크 설정: https://mangoworldcar.com/ko/mit-inspection/WDDWF0FB7HR231721?readonly=true
[Row 1274] 비포워드 업로드 중...

[INFO] 비포워드 차량 정보 입력 시작
  차대번호: HR231721
  연식: 2016
  주행거리: 111858
  가격: 10196
  [OK] 신규 등록 폼 이동 완료
  [재원표 매칭] 'C-클래스' → 제조사:MERCEDES-BENZ | 모델:C-Class | 타입:세단 | 문:4 | 좌석:5
  제조사: 'MERCEDES-BENZ' (유사도: 0.95)
  모델: 'C-Class' (1초 후)
  [경고] 폼 필드 대기 타임아웃 (15초)
  [경고] 모델년도 선택 실패 (value=2016)
  [경고] 제조년월 선택 실패 (value=2016)
  [경고] 길이(cm) 필드 없음 (TempVehDetails[length])
  [경고] 너비(cm) 필드 없음 (TempVehDetails[width])
  [경고] 높이(cm) 필드 없음 (TempVehDetails[height])
  [경고] M3 필드 없음 (TempVehDetails[m3])
  [INFO] CBM 기본값: 470x180x150cm, M3=12.69
  [경고] 차대번호 필드 없음 (TempVehDetails[chassis_no])
  [경고] 차량타입 선택 실패: Sedan
  [경고] 주행거리 필드 없음 (TempVehDetails[mileage])
  [경고] 배기량 필드 없음 (TempVehDetails[engine_capacity])
  [경고] 연료 옵션 없음 (검색: '경유')
  [경고] 변속기 옵션 없음 (검색: 'Automatic')
  [경고] 핸들(우핸들) 라디오 없음 (name='TempVehDetails[steering]', value='1')
  [경고] 문개수 입력/선택 실패
  [경고] 구동방식 라디오 없음 (name='TempVehDetails[drive_type]', value='3')
  [INFO] 색상 '흰색'→'화이트' 매칭 실패 → '기타' 선택
  [경고] 색상(기타) 옵션 없음 (검색: '기타')
  [경고] 좌석수 필드 없음 (TempVehDetails[seats])
  [경고] 가격 필드 없음 (id=trade-price-input)
  [경고] 가격(name) 필드 없음 (TempVehDetails[trade_price_input])
  [경고] 할인가 필드 없음 (TempVehDetails[available_discount])
  [경고] 재고위치 옵션 없음 (검색: 'KOREA')
  [INFO] 매핑된 옵션 없음 (총 33개)
  [INFO] Google Drive 링크 아님 → 이미지 없이 진행: https://mangoworldcar.com/ko/mit-inspection/WDDWF0FB7HR23172
  [OK] 클릭 완료: //*[@id="chk-compensation-agree"]
[OK] 저장 버튼 클릭 완료
  [DEBUG] 저장 후 URL: https://external-vendor.beforward.jp/photo/upload/12755875
  [DEBUG] 캡처된 alert: None
  [OK] 팝업 닫기 완료 (lightbox)
  [OK] listing ID (URL에서 추출): 12755875
  [OK] 성능점검 탭 클릭 (CSS: a[href*="ConditionsSheet"])
  [OK] 클릭 완료: 부식 NO
  [OK] 클릭 완료: 4륜
  [경고] 성능 페이지 저장 버튼을 찾지 못함
  [SS] 스크린샷 저장: screenshots/20260404_011631_condition_save_failed.png
  [OK] 완료: 차량 저장 + 이미지 + 성능 (ID=12755875)
[Row 1274] [OK] 업로드 성공! (ID=12755875)
[OK] Row 1274 | Updated COMPLETED: UPLOADED
  [OK] S열 하이퍼링크 추출: https://mangoworldcar.com/ko/mit-inspection/JTHR6JBH2L2071965?readonly=true

[Row 1275] 엔카 크롤링: https://fem.encar.com/cars/detail/41143837...

============================================================
                        차량 정보 크롤링 시작                        
============================================================
URL: https://fem.encar.com/cars/detail/41143837

차량 ID: 41143837

[ 기본 차량 정보 추출 중... ]
  [DEBUG] 현재 URL: https://fem.encar.com/cars/detail/41143837
  [DEBUG] 페이지 제목: UX250h 2.0 F-Sport 2WD 경기 중고차 : 내차팔기·내차사기
[OK] 기본 차량 정보 추출 완료
  가격: 2,470만원 -> 2470
  연식: 20년 12월 -> 2020
  배기량: 1,987cc -> 1987
  주행거리: 146,297km -> 146297
  차종: UX250h2.0 F-Sport 2WD

[ 판매자 정보 추출 중... ]
  주소: 경기 부천시 오정구 송내대로 450
  연락처 버튼 클릭 성공
  전화번호 버튼 클릭 성공
[OK] 판매자 정보 추출 완료

[ 옵션 정보 추출 중... ]
  옵션 페이지: https://fem.encar.com/cars/option/41143837
Traceback (most recent call last):
  File "C:\Users\gglee\OneDrive\Desktop\비포워드_자동화\비포워드_crawling.py", line 786, in _async_fill_vehicle_data
    print(f"  [INFO] 다운로드 결과: {len(image_files)}개 파일")
                    ^^^^^^^^^^^^^^^^^^^^^^^^^^^^^^^^^^
  File "C:\Users\gglee\OneDrive\Desktop\비포워드_자동화\비포워드_crawling.py", line 58, in evaluate
    return self._driver.execute_script(script)
           ^^^^^^^^^^^^^^^^^^^^^^^^^^^^^^^^^^^
  File "C:\Users\gglee\OneDrive\Desktop\비포워드_자동화\.venv\Lib\site-packages\selenium\webdriver\remote\webdriver.py", line 518, in execute_script
    return self.execute(command, {"script": script, "args": converted_args})["value"]
           ^^^^^^^^^^^^^^^^^^^^^^^^^^^^^^^^^^^^^^^^^^^^^^^^^^^^^^^^^^^^^^^^^
  File "C:\Users\gglee\OneDrive\Desktop\비포워드_자동화\.venv\Lib\site-packages\selenium\webdriver\remote\webdriver.py", line 432, in execute
    self.error_handler.check_response(response)
  File "C:\Users\gglee\OneDrive\Desktop\비포워드_자동화\.venv\Lib\site-packages\selenium\webdriver\remote\errorhandler.py", line 232, in check_response
    raise exception_class(message, screen, stacktrace)
selenium.common.exceptions.InvalidSessionIdException: Message: invalid session id; For documentation on this error, please visit: https://www.selenium.dev/documentation/webdriver/troubleshooting/errors#invalidsessionidexception
Stacktrace:
	chromedriver!GetHandleVerifier [0x7ff76d9a29c5+2ed785]
	chromedriver!GetHandleVerifier [0x7ff76d6ca0d0+14e90]
	chromedriver!(No symbol) [0x7ff76d42d916]
	chromedriver!(No symbol) [0x7ff76d478313]
	chromedriver!(No symbol) [0x7ff76d4afe92]
	chromedriver!(No symbol) [0x7ff76d4aa011]
	chromedriver!(No symbol) [0x7ff76d4a92c3]
	chromedriver!(No symbol) [0x7ff76d3f6565]
	chromedriver!GetHandleVerifier [0x7ff76d9cde0d+318bcd]
	chromedriver!GetHandleVerifier [0x7ff76d9c8588+313348]
	chromedriver!GetHandleVerifier [0x7ff76d9e9d7a+334b3a]
	chromedriver!GetHandleVerifier [0x7ff76d6e6785+31545]
	chromedriver!GetHandleVerifier [0x7ff76d6efacc+3a88c]
	chromedriver!(No symbol) [0x7ff76d3f532a]
	chromedriver!GetHandleVerifier [0x7ff76db24b48+46f908]
	KERNEL32!BaseThreadInitThunk [0x7ff92e7ce8d7+17]
	ntdll!RtlUserThreadStart [0x7ff92f58c48c+2c]

There was an error managing chromedriver (error sending request for url (https://googlechromelabs.github.io/chrome-for-testing/known-good-versions-with-downloads.json)); using driver found in the cache
Error sending stats to Plausible: error sending request for url (https://plausible.io/api/event)
Traceback (most recent call last):
  File "C:\Users\gglee\OneDrive\Desktop\비포워드_자동화\비포워드_crawling.py", line 465, in _async_login
    await self.tab.get(BEFORWARD_LOGIN_URL)
  File "C:\Users\gglee\OneDrive\Desktop\비포워드_자동화\비포워드_crawling.py", line 55, in get
    self._driver.get(url)
  File "C:\Users\gglee\OneDrive\Desktop\비포워드_자동화\.venv\Lib\site-packages\selenium\webdriver\remote\webdriver.py", line 452, in get
    self.execute(Command.GET, {"url": url})
  File "C:\Users\gglee\OneDrive\Desktop\비포워드_자동화\.venv\Lib\site-packages\selenium\webdriver\remote\webdriver.py", line 432, in execute
    self.error_handler.check_response(response)
  File "C:\Users\gglee\OneDrive\Desktop\비포워드_자동화\.venv\Lib\site-packages\selenium\webdriver\remote\errorhandler.py", line 232, in check_response
    raise exception_class(message, screen, stacktrace)
selenium.common.exceptions.WebDriverException: Message: unknown error: net::ERR_INTERNET_DISCONNECTED
  (Session info: chrome=146.0.7680.178)
Stacktrace:
	chromedriver!GetHandleVerifier [0x7ff76d9a29c5+2ed785]
	chromedriver!GetHandleVerifier [0x7ff76d6ca0d0+14e90]
	chromedriver!(No symbol) [0x7ff76d42db2d]
	chromedriver!(No symbol) [0x7ff76d42a654]
	chromedriver!(No symbol) [0x7ff76d41a6d1]
	chromedriver!(No symbol) [0x7ff76d41c5bf]
	chromedriver!(No symbol) [0x7ff76d41ac73]
	chromedriver!(No symbol) [0x7ff76d41a43b]
	chromedriver!(No symbol) [0x7ff76d41a0f1]
	chromedriver!(No symbol) [0x7ff76d417d3b]
	chromedriver!(No symbol) [0x7ff76d418482]
	chromedriver!(No symbol) [0x7ff76d431de6]
	chromedriver!(No symbol) [0x7ff76d4d4994]
	chromedriver!(No symbol) [0x7ff76d4aff8a]
	chromedriver!(No symbol) [0x7ff76d4d3b9b]
	chromedriver!(No symbol) [0x7ff76d479298]
	chromedriver!(No symbol) [0x7ff76d47a183]
	chromedriver!GetHandleVerifier [0x7ff76d9cde0d+318bcd]
	chromedriver!GetHandleVerifier [0x7ff76d9c8588+313348]
	chromedriver!GetHandleVerifier [0x7ff76d9e9d7a+334b3a]
	chromedriver!GetHandleVerifier [0x7ff76d6e6785+31545]
	chromedriver!GetHandleVerifier [0x7ff76d6efacc+3a88c]
	chromedriver!GetHandleVerifier [0x7ff76d6d3634+1e3f4]
	chromedriver!GetHandleVerifier [0x7ff76d6d37e6+1e5a6]
	chromedriver!GetHandleVerifier [0x7ff76d6b7e37+2bf7]
	KERNEL32!BaseThreadInitThunk [0x7ff92e7ce8d7+17]
	ntdll!RtlUserThreadStart [0x7ff92f58c48c+2c]

2026-04-04 15:24:10 | ERROR | Row 1276 | UPLOAD_FAILED | ByForward upload failed after 3 retries
[OK] 옵션 35개 추출 (매핑 14개): ['선루프', '전동접이 사이드 미러', '알루미늄 휠', '루프랙', '열선 스티어링 휠']

[ 성능점검 정보 추출 중... ]
성능점검 페이지로 이동: https://www.encar.com/md/sl/mdsl_regcar.do?method=inspectionViewNew&carid=41143837
[OK] 성능점검 정보 추출 완료
  성능점검기록부: JTHR6JBH2L2071965

[OK] 모든 정보 추출 완료
[Row 1275] [OK] 엔카 크롤링 완료
[Row 1275] 판매가격 기준(P열): 16105
[Row 1275] 업로드 가격: 16844
[Row 1275] 차대번호 설정(시트): L2071965
[Row 1275] [DEBUG] S열(batch) raw='https://mangoworldcar.com/ko/mit-inspection/JTHR6JBH2L2071965?readonly=true'
[Row 1275] [DEBUG] batch 값이 drive URL 아님: 'https://mangoworldcar.com/ko/mit-inspection/JTHR6JBH2L2071965?readonly=true' → fallback
  [OK] S열 하이퍼링크 추출: https://mangoworldcar.com/ko/mit-inspection/JTHR6JBH2L2071965?readonly=true
[Row 1275] 드라이브 링크 설정: https://mangoworldcar.com/ko/mit-inspection/JTHR6JBH2L2071965?readonly=true
[Row 1275] 비포워드 업로드 중...

[INFO] 비포워드 차량 정보 입력 시작
  차대번호: L2071965
  연식: 2020
  주행거리: 146297
  가격: 16844
  [OK] 신규 등록 폼 이동 완료
  제조사: 'LEXUS' (유사도: 0.95)
  [경고] 폼 필드 대기 타임아웃 (15초)
  [경고] 모델년도 선택 실패 (value=2020)
  [경고] 제조년월 선택 실패 (value=2020)
  [경고] 길이(cm) 필드 없음 (TempVehDetails[length])
  [경고] 너비(cm) 필드 없음 (TempVehDetails[width])
  [경고] 높이(cm) 필드 없음 (TempVehDetails[height])
  [경고] M3 필드 없음 (TempVehDetails[m3])
  [INFO] CBM 기본값: 470x180x150cm, M3=12.69
  [경고] 차대번호 필드 없음 (TempVehDetails[chassis_no])
  [경고] 차량타입 선택 실패: Sedan
  [경고] 주행거리 필드 없음 (TempVehDetails[mileage])
  [경고] 배기량 필드 없음 (TempVehDetails[engine_capacity])
  [경고] 연료 옵션 없음 (검색: '휘발유')
  [경고] 변속기 옵션 없음 (검색: 'Automatic')
  [경고] 핸들(우핸들) 라디오 없음 (name='TempVehDetails[steering]', value='1')
  [경고] 문개수 입력/선택 실패
  [경고] 구동방식 라디오 없음 (name='TempVehDetails[drive_type]', value='2')
  [INFO] 색상 '연금색'→'골드' 매칭 실패 → '기타' 선택
  [경고] 색상(기타) 옵션 없음 (검색: '기타')
  [경고] 좌석수 필드 없음 (TempVehDetails[seats])
  [경고] 가격 필드 없음 (id=trade-price-input)
  [경고] 가격(name) 필드 없음 (TempVehDetails[trade_price_input])
  [경고] 할인가 필드 없음 (TempVehDetails[available_discount])
  [경고] 재고위치 옵션 없음 (검색: 'KOREA')
  [INFO] 매핑된 옵션 없음 (총 35개)
  [INFO] Google Drive 링크 아님 → 이미지 없이 진행: https://mangoworldcar.com/ko/mit-inspection/JTHR6JBH2L207196
  [OK] 클릭 완료: //*[@id="chk-compensation-agree"]
[OK] 저장 버튼 클릭 완료
  [DEBUG] 저장 후 URL: https://external-vendor.beforward.jp/tempVehDetails/edit
  [DEBUG] 캡처된 alert: None
  [경고] listing ID를 찾을 수 없음 (chassis=L2071965)
  [경고] listing ID 추출 실패
  [SS] 스크린샷 저장: screenshots/20260404_011739_listing_id_not_found.png
[Row 1275] [RETRY] 시도 1 실패
[Row 1275] [RETRY] 2/3 재시도...

[INFO] 비포워드 차량 정보 입력 시작
  차대번호: L2071965
  연식: 2020
  주행거리: 146297
  가격: 16844
  [OK] 신규 등록 폼 이동 완료
  제조사: 'LEXUS' (유사도: 0.95)
  [경고] 폼 필드 대기 타임아웃 (15초)
  [경고] 모델년도 선택 실패 (value=2020)
  [경고] 제조년월 선택 실패 (value=2020)
  [경고] 길이(cm) 필드 없음 (TempVehDetails[length])
  [경고] 너비(cm) 필드 없음 (TempVehDetails[width])
  [경고] 높이(cm) 필드 없음 (TempVehDetails[height])
  [경고] M3 필드 없음 (TempVehDetails[m3])
  [INFO] CBM 기본값: 470x180x150cm, M3=12.69
  [경고] 차대번호 필드 없음 (TempVehDetails[chassis_no])
  [경고] 차량타입 선택 실패: Sedan
  [경고] 주행거리 필드 없음 (TempVehDetails[mileage])
  [경고] 배기량 필드 없음 (TempVehDetails[engine_capacity])
  [경고] 연료 옵션 없음 (검색: '휘발유')
  [경고] 변속기 옵션 없음 (검색: 'Automatic')
  [경고] 핸들(우핸들) 라디오 없음 (name='TempVehDetails[steering]', value='1')
  [경고] 문개수 입력/선택 실패
  [경고] 구동방식 라디오 없음 (name='TempVehDetails[drive_type]', value='2')
  [INFO] 색상 '연금색'→'골드' 매칭 실패 → '기타' 선택
  [경고] 색상(기타) 옵션 없음 (검색: '기타')
  [경고] 좌석수 필드 없음 (TempVehDetails[seats])
  [경고] 가격 필드 없음 (id=trade-price-input)
  [경고] 가격(name) 필드 없음 (TempVehDetails[trade_price_input])
  [경고] 할인가 필드 없음 (TempVehDetails[available_discount])
  [경고] 재고위치 옵션 없음 (검색: 'KOREA')
  [INFO] 매핑된 옵션 없음 (총 35개)
  [INFO] Google Drive 링크 아님 → 이미지 없이 진행: https://mangoworldcar.com/ko/mit-inspection/JTHR6JBH2L207196
  [OK] 클릭 완료: //*[@id="chk-compensation-agree"]
[OK] 저장 버튼 클릭 완료
  [DEBUG] 저장 후 URL: https://external-vendor.beforward.jp/tempVehDetails/edit
  [DEBUG] 캡처된 alert: None
  [경고] listing ID를 찾을 수 없음 (chassis=L2071965)
  [경고] listing ID 추출 실패
  [SS] 스크린샷 저장: screenshots/20260404_011832_listing_id_not_found.png
[Row 1275] [RETRY] 시도 2 실패
[Row 1275] [RETRY] 3/3 재시도...

[INFO] 비포워드 차량 정보 입력 시작
  차대번호: L2071965
  연식: 2020
  주행거리: 146297
  가격: 16844
  [OK] 신규 등록 폼 이동 완료
  제조사: 'LEXUS' (유사도: 0.95)
  [경고] 폼 필드 대기 타임아웃 (15초)
  [경고] 모델년도 선택 실패 (value=2020)
  [경고] 제조년월 선택 실패 (value=2020)
  [경고] 길이(cm) 필드 없음 (TempVehDetails[length])
  [경고] 너비(cm) 필드 없음 (TempVehDetails[width])
  [경고] 높이(cm) 필드 없음 (TempVehDetails[height])
  [경고] M3 필드 없음 (TempVehDetails[m3])
  [INFO] CBM 기본값: 470x180x150cm, M3=12.69
  [경고] 차대번호 필드 없음 (TempVehDetails[chassis_no])
  [경고] 차량타입 선택 실패: Sedan
  [경고] 주행거리 필드 없음 (TempVehDetails[mileage])
  [경고] 배기량 필드 없음 (TempVehDetails[engine_capacity])
  [경고] 연료 옵션 없음 (검색: '휘발유')
  [경고] 변속기 옵션 없음 (검색: 'Automatic')
  [경고] 핸들(우핸들) 라디오 없음 (name='TempVehDetails[steering]', value='1')
  [경고] 문개수 입력/선택 실패
  [경고] 구동방식 라디오 없음 (name='TempVehDetails[drive_type]', value='2')
  [INFO] 색상 '연금색'→'골드' 매칭 실패 → '기타' 선택
  [경고] 색상(기타) 옵션 없음 (검색: '기타')
  [경고] 좌석수 필드 없음 (TempVehDetails[seats])
  [경고] 가격 필드 없음 (id=trade-price-input)
  [경고] 가격(name) 필드 없음 (TempVehDetails[trade_price_input])
  [경고] 할인가 필드 없음 (TempVehDetails[available_discount])
  [경고] 재고위치 옵션 없음 (검색: 'KOREA')
  [INFO] 매핑된 옵션 없음 (총 35개)
  [INFO] Google Drive 링크 아님 → 이미지 없이 진행: https://mangoworldcar.com/ko/mit-inspection/JTHR6JBH2L207196
  [OK] 클릭 완료: //*[@id="chk-compensation-agree"]
[OK] 저장 버튼 클릭 완료
  [DEBUG] 저장 후 URL: https://external-vendor.beforward.jp/tempVehDetails/edit
  [DEBUG] 캡처된 alert: None
  [경고] listing ID를 찾을 수 없음 (chassis=L2071965)
  [경고] listing ID 추출 실패
  [SS] 스크린샷 저장: screenshots/20260404_011928_listing_id_not_found.png
[Row 1275] [RETRY] 시도 3 실패
[Row 1275] [ERR] 업로드 3회 모두 실패
[OK] Row 1275 | Updated COMPLETED: FAILED
  [OK] S열 하이퍼링크 추출: https://drive.google.com/drive/folders/1xuVO4mOjLi8zQNsojWCb3DcV8Y0x3jp9?usp=dri

[Row 1276] 엔카 크롤링: https://fem.encar.com/cars/detail/41269533...

============================================================
                        차량 정보 크롤링 시작                        
============================================================
URL: https://fem.encar.com/cars/detail/41269533

차량 ID: 41269533

[ 기본 차량 정보 추출 중... ]
  [DEBUG] 현재 URL: https://fem.encar.com/cars/detail/41269533
  [DEBUG] 페이지 제목: 올 뉴 투싼 디젤 2.0 2WD 모던 스페셜 부산 중고차 : 내차팔기·내차사기
[OK] 기본 차량 정보 추출 완료
  가격: 1,540만원 -> 1540
  연식: 16년 08월 (17년형) -> 2016
  배기량: 1,995cc -> 1995
  주행거리: 79,643km -> 79643
  차종: 올 뉴 투싼디젤 2.0 2WD모던 스페셜

[ 판매자 정보 추출 중... ]
  주소: 부산 사상구
  연락처 버튼 클릭 성공
  전화번호 버튼 클릭 성공
[OK] 판매자 정보 추출 완료

[ 옵션 정보 추출 중... ]
  옵션 페이지: https://fem.encar.com/cars/option/41269533
[OK] 옵션 34개 추출 (매핑 13개): ['선루프', '파워 전동 트렁크', '전동접이 사이드 미러', '알루미늄 휠', '루프랙']

[ 성능점검 정보 추출 중... ]
성능점검 페이지로 이동: https://www.encar.com/md/sl/mdsl_regcar.do?method=inspectionViewNew&carid=41269533
[OK] 성능점검 정보 추출 완료
  성능점검기록부: KMHJ381ABHU313310

[OK] 모든 정보 추출 완료
[Row 1276] [OK] 엔카 크롤링 완료
[Row 1276] 판매가격 기준(P열): 9956
[Row 1276] 업로드 가격: 10451
[Row 1276] 차대번호 설정(시트): HU313310
[Row 1276] [DEBUG] S열(batch) raw='https://drive.google.com/drive/folders/1xuVO4mOjLi8zQNsojWCb3DcV8Y0x3jp9?usp=drive_link'
[Row 1276] 드라이브 링크 설정: https://drive.google.com/drive/folders/1xuVO4mOjLi8zQNsojWCb3DcV8Y0x3jp9?usp=drive_link
[Row 1276] 비포워드 업로드 중...

[INFO] 비포워드 차량 정보 입력 시작
  차대번호: HU313310
  연식: 2016
  주행거리: 79643
  가격: 10451
  [OK] 신규 등록 폼 이동 완료
  [재원표 매칭] '투싼' → 제조사:HYUNDAI | 모델:Tucson | 타입:SUV | 문:5 | 좌석:5
  제조사: 'HYUNDAI' (유사도: 0.95)
  모델: 'Tucson' (1초 후)
  [경고] 폼 필드 대기 타임아웃 (15초)
  [경고] 모델년도 선택 실패 (value=2016)
  [경고] 제조년월 선택 실패 (value=2016)
  [경고] 길이(cm) 필드 없음 (TempVehDetails[length])
  [경고] 너비(cm) 필드 없음 (TempVehDetails[width])
  [경고] 높이(cm) 필드 없음 (TempVehDetails[height])
  [경고] M3 필드 없음 (TempVehDetails[m3])
  [INFO] CBM 기본값: 470x190x175cm, M3=15.627
  [경고] 차대번호 필드 없음 (TempVehDetails[chassis_no])
  [경고] 차량타입 선택 실패: SUV
  [경고] 주행거리 필드 없음 (TempVehDetails[mileage])
  [경고] 배기량 필드 없음 (TempVehDetails[engine_capacity])
  [경고] 연료 옵션 없음 (검색: '경유')
  [경고] 변속기 옵션 없음 (검색: 'Automatic')
  [경고] 핸들(우핸들) 라디오 없음 (name='TempVehDetails[steering]', value='1')
  [경고] 문개수 입력/선택 실패
  [경고] 구동방식 라디오 없음 (name='TempVehDetails[drive_type]', value='2')
  [INFO] 색상 '검정색'→'블랙' 매칭 실패 → '기타' 선택
  [경고] 색상(기타) 옵션 없음 (검색: '기타')
  [경고] 좌석수 필드 없음 (TempVehDetails[seats])
  [경고] 가격 필드 없음 (id=trade-price-input)
  [경고] 가격(name) 필드 없음 (TempVehDetails[trade_price_input])
  [경고] 할인가 필드 없음 (TempVehDetails[available_discount])
  [경고] 재고위치 옵션 없음 (검색: 'KOREA')
  [INFO] 매핑된 옵션 없음 (총 34개)
  [INFO] 이미지 다운로드 시작...
  [OK] 이미지 다운로드 드라이버 초기화 (download → C:\Users\gglee\OneDrive\Desktop\비포워드_자동화\downloaded_images)
  [드라이브 접속] https://drive.google.com/drive/folders/1xuVO4mOjLi8zQNsojWCb3DcV8Y0x3jp9?usp=dri
  [OK] EXTERIOR 폴더 발견, 더블클릭...
  [OK] EXTERIOR 파일 목록 로딩 완료
  [INFO] 기존 row_1276 폴더 정리 완료
  [OK] 2개 파일 발견
  [OK] 전체 선택 (Ctrl+A)
  [OK] 다운로드 시작 (툴바 버튼)
  [대기] 다운로드 완료 대기 (최대 90초)...
    Phase 1: 다운로드 시작 대기...
    Phase 1 완료: 새 파일 감지 ['미확인 806219.crdownload']
    Phase 2: 다운로드 완료 대기...
  [경고] 다운로드 완료 대기 타임아웃
  [DEBUG] 다운로드 폴더 신규 파일: ['미확인 806219.crdownload']
  [INFO] ZIP 없음, 개별 이미지 확인...
  [완료] 총 0개 이미지 다운로드
  [INFO] 드라이브 이미지 다운로드 완료: 0개
  [INFO] 다운로드 결과: 0개 파일
  [경고] 이미지 다운로드 실패 - 이미지 없이 등록 진행
  [경고] 클릭 실패 (timeout): //*[@id="chk-compensation-agree"]
[경고] 저장 중 오류: Message: invalid session id; For documentation on this error, please visit: https://www.selenium.dev/documentation/webdriver/troubleshooting/errors#invalidsessionidexception
Stacktrace:
	chromedriver!GetHandleVerifier [0x7ff76d9a29c5+2ed785]
	chromedriver!GetHandleVerifier [0x7ff76d6ca0d0+14e90]
	chromedriver!(No symbol) [0x7ff76d42d916]
	chromedriver!(No symbol) [0x7ff76d478313]
	chromedriver!(No symbol) [0x7ff76d4afe92]
	chromedriver!(No symbol) [0x7ff76d4aa011]
	chromedriver!(No symbol) [0x7ff76d4a92c3]
	chromedriver!(No symbol) [0x7ff76d3f6565]
	chromedriver!GetHandleVerifier [0x7ff76d9cde0d+318bcd]
	chromedriver!GetHandleVerifier [0x7ff76d9c8588+313348]
	chromedriver!GetHandleVerifier [0x7ff76d9e9d7a+334b3a]
	chromedriver!GetHandleVerifier [0x7ff76d6e6785+31545]
	chromedriver!GetHandleVerifier [0x7ff76d6efacc+3a88c]
	chromedriver!(No symbol) [0x7ff76d3f532a]
	chromedriver!GetHandleVerifier [0x7ff76db24b48+46f908]
	KERNEL32!BaseThreadInitThunk [0x7ff92e7ce8d7+17]
	ntdll!RtlUserThreadStart [0x7ff92f58c48c+2c]

  [경고] 스크린샷 저장 실패: Message: invalid session id; For documentation on this error, please visit: https://www.selenium.dev/documentation/webdriver/troubleshooting/errors#invalidsessionidexception
Stacktrace:
	chromedriver!GetHandleVerifier [0x7ff76d9a29c5+2ed785]
	chromedriver!GetHandleVerifier [0x7ff76d6ca0d0+14e90]
	chromedriver!(No symbol) [0x7ff76d42d916]
	chromedriver!(No symbol) [0x7ff76d478313]
	chromedriver!(No symbol) [0x7ff76d4afe92]
	chromedriver!(No symbol) [0x7ff76d4aa011]
	chromedriver!(No symbol) [0x7ff76d4a92c3]
	chromedriver!(No symbol) [0x7ff76d3f6565]
	chromedriver!GetHandleVerifier [0x7ff76d9cde0d+318bcd]
	chromedriver!GetHandleVerifier [0x7ff76d9c8588+313348]
	chromedriver!GetHandleVerifier [0x7ff76d9e9d7a+334b3a]
	chromedriver!GetHandleVerifier [0x7ff76d6e6785+31545]
	chromedriver!GetHandleVerifier [0x7ff76d6efacc+3a88c]
	chromedriver!(No symbol) [0x7ff76d3f532a]
	chromedriver!GetHandleVerifier [0x7ff76db24b48+46f908]
	KERNEL32!BaseThreadInitThunk [0x7ff92e7ce8d7+17]
	ntdll!RtlUserThreadStart [0x7ff92f58c48c+2c]

[Row 1276] [RETRY] 시도 1 실패
[Row 1276] [RETRY] Chrome 재시작 중...
[OK] BeForward 업로드 드라이버 종료
[INFO] BeForward 업로드 드라이버 초기화 완료 (Chrome/Selenium)
[INFO] BeForward 로그인: https://external-vendor.beforward.jp/tempVehDetails/edit
[오류] 로그인 중 오류: Message: unknown error: net::ERR_INTERNET_DISCONNECTED
  (Session info: chrome=146.0.7680.178)
Stacktrace:
	chromedriver!GetHandleVerifier [0x7ff76d9a29c5+2ed785]
	chromedriver!GetHandleVerifier [0x7ff76d6ca0d0+14e90]
	chromedriver!(No symbol) [0x7ff76d42db2d]
	chromedriver!(No symbol) [0x7ff76d42a654]
	chromedriver!(No symbol) [0x7ff76d41a6d1]
	chromedriver!(No symbol) [0x7ff76d41c5bf]
	chromedriver!(No symbol) [0x7ff76d41ac73]
	chromedriver!(No symbol) [0x7ff76d41a43b]
	chromedriver!(No symbol) [0x7ff76d41a0f1]
	chromedriver!(No symbol) [0x7ff76d417d3b]
	chromedriver!(No symbol) [0x7ff76d418482]
	chromedriver!(No symbol) [0x7ff76d431de6]
	chromedriver!(No symbol) [0x7ff76d4d4994]
	chromedriver!(No symbol) [0x7ff76d4aff8a]
	chromedriver!(No symbol) [0x7ff76d4d3b9b]
	chromedriver!(No symbol) [0x7ff76d479298]
	chromedriver!(No symbol) [0x7ff76d47a183]
	chromedriver!GetHandleVerifier [0x7ff76d9cde0d+318bcd]
	chromedriver!GetHandleVerifier [0x7ff76d9c8588+313348]
	chromedriver!GetHandleVerifier [0x7ff76d9e9d7a+334b3a]
	chromedriver!GetHandleVerifier [0x7ff76d6e6785+31545]
	chromedriver!GetHandleVerifier [0x7ff76d6efacc+3a88c]
	chromedriver!GetHandleVerifier [0x7ff76d6d3634+1e3f4]
	chromedriver!GetHandleVerifier [0x7ff76d6d37e6+1e5a6]
	chromedriver!GetHandleVerifier [0x7ff76d6b7e37+2bf7]
	KERNEL32!BaseThreadInitThunk [0x7ff92e7ce8d7+17]
	ntdll!RtlUserThreadStart [0x7ff92f58c48c+2c]

[Row 1276] [RETRY] 재로그인 실패
[Row 1276] [ERR] 업로드 3회 모두 실패
[오류] Row 1276 COMPLETED 업데이트 실패: HTTPSConnectionPool(host='oauth2.googleapis.com', port=443): Max retries exceeded with url: /token (Caused by NameResolutionError("HTTPSConnection(host='oauth2.googleapis.com', port=443): Failed to resolve 'oauth2.googleapis.com' ([Errno 11001] getaddrinfo failed)"))
  [OK] S열 하이퍼링크 추출: https://drive.google.com/drive/folders/164IcAuag6ICEIHaCfpfjgnO4aTfDCe88?usp=dri

[Row 1277] 엔카 크롤링: https://fem.encar.com/cars/detail/41676031?pageid=dc_carsear...

============================================================
                        차량 정보 크롤링 시작                        
============================================================
URL: https://fem.encar.com/cars/detail/41676031?pageid=dc_carsearch&listAdvType=list_chk&carid=41676031&view_type=checked&adv_attribute=&wtClick_korList=063&advClickPosition=kor_warrant_p1_g2

차량 ID: 41676031

[ 기본 차량 정보 추출 중... ]
2026-04-04 15:32:17 | ERROR | Row 1277 | UPLOAD_FAILED | ByForward upload failed after 3 retries
  [DEBUG] 현재 URL: https://fem.encar.com/cars/detail/41676031?pageid=dc_carsearch&listAdvType=list_chk&carid=41676031&view_type=checked&adv_attribute=&wtClick_korList=063&advClickPosition=kor_warrant_p1_g2
  [DEBUG] 페이지 제목: 더 뉴 싼타페 디젤 2.2 4WD 프레스티지 서울 중고차 : 내차팔기·내차사기
[OK] 기본 차량 정보 추출 완료
  가격: 2,750만원 -> 2750
  연식: 20년 11월 (21년형) -> 2020
  배기량: 2,151cc -> 2151
  주행거리: 90,863km -> 90863
  차종: 더 뉴 싼타페디젤 2.2 4WD프레스티지

[ 판매자 정보 추출 중... ]
  주소: 서울 강서구 양천로 390
  연락처 버튼 클릭 성공
  전화번호 버튼 클릭 성공
[OK] 판매자 정보 추출 완료

[ 옵션 정보 추출 중... ]
  옵션 페이지: https://fem.encar.com/cars/option/41676031
[OK] 옵션 37개 추출 (매핑 15개): ['선루프', '파워 전동 트렁크', '전동접이 사이드 미러', '알루미늄 휠', '루프랙']

[ 성능점검 정보 추출 중... ]
성능점검 페이지로 이동: https://www.encar.com/md/sl/mdsl_regcar.do?method=inspectionViewNew&carid=41676031
[경고] 성능점검기록부 요소를 찾을 수 없습니다.
[경고] 성능점검 페이지를 찾을 수 없습니다.

[OK] 모든 정보 추출 완료
[Row 1277] [OK] 엔카 크롤링 완료
[Row 1277] 판매가격 기준(P열): 17802
[Row 1277] 업로드 가격: 18541
[Row 1277] 차대번호 설정(시트): MU319409
[Row 1277] [DEBUG] S열(batch) raw='https://drive.google.com/drive/folders/164IcAuag6ICEIHaCfpfjgnO4aTfDCe88?usp=drive_link'
[Row 1277] 드라이브 링크 설정: https://drive.google.com/drive/folders/164IcAuag6ICEIHaCfpfjgnO4aTfDCe88?usp=drive_link
[Row 1277] 비포워드 업로드 중...

[INFO] 비포워드 차량 정보 입력 시작
  차대번호: MU319409
  연식: 2020
  주행거리: 90863
  가격: 18541
  [OK] 신규 등록 폼 이동 완료
  [재원표 매칭] '싼타페' → 제조사:HYUNDAI | 모델:Santa Fe | 타입:SUV | 문:5 | 좌석:5
  [경고] 제조사 Select2 컨테이너 클릭 실패: Message: no such element: Unable to locate element: {"method":"xpath","selector":"//*[@id="select2-make-id-container"]"}
  (Session info: chrome=146.0.7680.178); For documentation on this error, please visit: https://www.selenium.dev/documentation/webdriver/troubleshooting/errors#nosuchelementexception
Stacktrace:
	chromedriver!GetHandleVerifier [0x7ff76d9a29c5+2ed785]
	chromedriver!GetHandleVerifier [0x7ff76d6ca0d0+14e90]
	chromedriver!(No symbol) [0x7ff76d42db2d]
	chromedriver!(No symbol) [0x7ff76d486b9e]
	chromedriver!(No symbol) [0x7ff76d486eac]
	chromedriver!(No symbol) [0x7ff76d4d6fe7]
	chromedriver!(No symbol) [0x7ff76d4d3b9b]
	chromedriver!(No symbol) [0x7ff76d479298]
	chromedriver!(No symbol) [0x7ff76d47a183]
	chromedriver!GetHandleVerifier [0x7ff76d9cde0d+318bcd]
	chromedriver!GetHandleVerifier [0x7ff76d9c8588+313348]
	chromedriver!GetHandleVerifier [0x7ff76d9e9d7a+334b3a]
	chromedriver!GetHandleVerifier [0x7ff76d6e6785+31545]
	chromedriver!GetHandleVerifier [0x7ff76d6efacc+3a88c]
	chromedriver!GetHandleVerifier [0x7ff76d6d3634+1e3f4]
	chromedriver!GetHandleVerifier [0x7ff76d6d37e6+1e5a6]
	chromedriver!GetHandleVerifier [0x7ff76d6b7e37+2bf7]
	KERNEL32!BaseThreadInitThunk [0x7ff92e7ce8d7+17]
	ntdll!RtlUserThreadStart [0x7ff92f58c48c+2c]

  [경고] 폼 필드 대기 타임아웃 (15초)
  [경고] 모델년도 선택 실패 (value=2020)
  [경고] 제조년월 선택 실패 (value=2020)
  [경고] 길이(cm) 필드 없음 (TempVehDetails[length])
  [경고] 너비(cm) 필드 없음 (TempVehDetails[width])
  [경고] 높이(cm) 필드 없음 (TempVehDetails[height])
  [경고] M3 필드 없음 (TempVehDetails[m3])
  [INFO] CBM 기본값: 470x190x175cm, M3=15.627
  [경고] 차대번호 필드 없음 (TempVehDetails[chassis_no])
  [경고] 차량타입 선택 실패: SUV
  [경고] 주행거리 필드 없음 (TempVehDetails[mileage])
  [경고] 배기량 필드 없음 (TempVehDetails[engine_capacity])
  [경고] 연료 옵션 없음 (검색: '경유')
  [경고] 변속기 옵션 없음 (검색: 'Automatic')
  [경고] 핸들(우핸들) 라디오 없음 (name='TempVehDetails[steering]', value='1')
  [경고] 문개수 입력/선택 실패
  [경고] 구동방식 라디오 없음 (name='TempVehDetails[drive_type]', value='3')
  [INFO] 색상 '검정색'→'블랙' 매칭 실패 → '기타' 선택
  [경고] 색상(기타) 옵션 없음 (검색: '기타')
  [경고] 좌석수 필드 없음 (TempVehDetails[seats])
  [경고] 가격 필드 없음 (id=trade-price-input)
  [경고] 가격(name) 필드 없음 (TempVehDetails[trade_price_input])
  [경고] 할인가 필드 없음 (TempVehDetails[available_discount])
  [경고] 재고위치 옵션 없음 (검색: 'KOREA')
  [INFO] 매핑된 옵션 없음 (총 37개)
  [INFO] 이미지 다운로드 시작...
  [OK] 이미지 다운로드 드라이버 초기화 (download → C:\Users\gglee\OneDrive\Desktop\비포워드_자동화\downloaded_images)
  [드라이브 접속] https://drive.google.com/drive/folders/164IcAuag6ICEIHaCfpfjgnO4aTfDCe88?usp=dri
  [OK] EXTERIOR 폴더 발견, 더블클릭...
  [OK] EXTERIOR 파일 목록 로딩 완료
  [INFO] 기존 row_1277 폴더 정리 완료
  [OK] 2개 파일 발견
  [OK] 전체 선택 (Ctrl+A)
  [OK] 다운로드 시작 (툴바 버튼)
  [대기] 다운로드 완료 대기 (최대 90초)...
    Phase 1: 다운로드 시작 대기...
    Phase 1 완료: 새 파일 감지 ['미확인 806219.crdownload']
    Phase 2: 다운로드 완료 대기...
  [경고] 다운로드 완료 대기 타임아웃
  [DEBUG] 다운로드 폴더 신규 파일: ['미확인 806219.crdownload']
  [INFO] ZIP 없음, 개별 이미지 확인...
  [완료] 총 0개 이미지 다운로드
  [INFO] 드라이브 이미지 다운로드 완료: 0개
  [INFO] 다운로드 결과: 0개 파일
  [경고] 이미지 다운로드 실패 - 이미지 없이 등록 진행
  [경고] 클릭 실패 (timeout): //*[@id="chk-compensation-agree"]
[OK] 저장 버튼 클릭 완료
  [DEBUG] 저장 후 URL: https://external-vendor.beforward.jp/login
  [DEBUG] 캡처된 alert: None
  [경고] listing ID를 찾을 수 없음 (chassis=MU319409)
  [경고] listing ID 추출 실패
  [SS] 스크린샷 저장: screenshots/20260404_152711_listing_id_not_found.png
[Row 1277] [RETRY] 시도 1 실패
[Row 1277] [RETRY] 2/3 재시도...

[INFO] 비포워드 차량 정보 입력 시작
  차대번호: MU319409
  연식: 2020
  주행거리: 90863
  가격: 18541
  [OK] 신규 등록 폼 이동 완료
  [재원표 매칭] '싼타페' → 제조사:HYUNDAI | 모델:Santa Fe | 타입:SUV | 문:5 | 좌석:5
  [경고] 제조사 Select2 컨테이너 클릭 실패: Message: no such element: Unable to locate element: {"method":"xpath","selector":"//*[@id="select2-make-id-container"]"}
  (Session info: chrome=146.0.7680.178); For documentation on this error, please visit: https://www.selenium.dev/documentation/webdriver/troubleshooting/errors#nosuchelementexception
Stacktrace:
	chromedriver!GetHandleVerifier [0x7ff76d9a29c5+2ed785]
	chromedriver!GetHandleVerifier [0x7ff76d6ca0d0+14e90]
	chromedriver!(No symbol) [0x7ff76d42db2d]
	chromedriver!(No symbol) [0x7ff76d486b9e]
	chromedriver!(No symbol) [0x7ff76d486eac]
	chromedriver!(No symbol) [0x7ff76d4d6fe7]
	chromedriver!(No symbol) [0x7ff76d4d3b9b]
	chromedriver!(No symbol) [0x7ff76d479298]
	chromedriver!(No symbol) [0x7ff76d47a183]
	chromedriver!GetHandleVerifier [0x7ff76d9cde0d+318bcd]
	chromedriver!GetHandleVerifier [0x7ff76d9c8588+313348]
	chromedriver!GetHandleVerifier [0x7ff76d9e9d7a+334b3a]
	chromedriver!GetHandleVerifier [0x7ff76d6e6785+31545]
	chromedriver!GetHandleVerifier [0x7ff76d6efacc+3a88c]
	chromedriver!GetHandleVerifier [0x7ff76d6d3634+1e3f4]
	chromedriver!GetHandleVerifier [0x7ff76d6d37e6+1e5a6]
	chromedriver!GetHandleVerifier [0x7ff76d6b7e37+2bf7]
	KERNEL32!BaseThreadInitThunk [0x7ff92e7ce8d7+17]
	ntdll!RtlUserThreadStart [0x7ff92f58c48c+2c]

  [경고] 폼 필드 대기 타임아웃 (15초)
  [경고] 모델년도 선택 실패 (value=2020)
  [경고] 제조년월 선택 실패 (value=2020)
  [경고] 길이(cm) 필드 없음 (TempVehDetails[length])
  [경고] 너비(cm) 필드 없음 (TempVehDetails[width])
  [경고] 높이(cm) 필드 없음 (TempVehDetails[height])
  [경고] M3 필드 없음 (TempVehDetails[m3])
  [INFO] CBM 기본값: 470x190x175cm, M3=15.627
  [경고] 차대번호 필드 없음 (TempVehDetails[chassis_no])
  [경고] 차량타입 선택 실패: SUV
  [경고] 주행거리 필드 없음 (TempVehDetails[mileage])
  [경고] 배기량 필드 없음 (TempVehDetails[engine_capacity])
  [경고] 연료 옵션 없음 (검색: '경유')
  [경고] 변속기 옵션 없음 (검색: 'Automatic')
  [경고] 핸들(우핸들) 라디오 없음 (name='TempVehDetails[steering]', value='1')
  [경고] 문개수 입력/선택 실패
  [경고] 구동방식 라디오 없음 (name='TempVehDetails[drive_type]', value='3')
Traceback (most recent call last):
  File "C:\Users\gglee\OneDrive\Desktop\비포워드_자동화\비포워드_crawling.py", line 786, in _async_fill_vehicle_data
    print(f"  [INFO] 다운로드 결과: {len(image_files)}개 파일")
                    ^^^^^^^^^^^^^^^^^^^^^^^^^^^^^^^^^^
  File "C:\Users\gglee\OneDrive\Desktop\비포워드_자동화\비포워드_crawling.py", line 58, in evaluate
    return self._driver.execute_script(script)
           ^^^^^^^^^^^^^^^^^^^^^^^^^^^^^^^^^^^
  File "C:\Users\gglee\OneDrive\Desktop\비포워드_자동화\.venv\Lib\site-packages\selenium\webdriver\remote\webdriver.py", line 518, in execute_script
    return self.execute(command, {"script": script, "args": converted_args})["value"]
           ^^^^^^^^^^^^^^^^^^^^^^^^^^^^^^^^^^^^^^^^^^^^^^^^^^^^^^^^^^^^^^^^^
  File "C:\Users\gglee\OneDrive\Desktop\비포워드_자동화\.venv\Lib\site-packages\selenium\webdriver\remote\webdriver.py", line 432, in execute
    self.error_handler.check_response(response)
  File "C:\Users\gglee\OneDrive\Desktop\비포워드_자동화\.venv\Lib\site-packages\selenium\webdriver\remote\errorhandler.py", line 232, in check_response
    raise exception_class(message, screen, stacktrace)
selenium.common.exceptions.InvalidSessionIdException: Message: invalid session id; For documentation on this error, please visit: https://www.selenium.dev/documentation/webdriver/troubleshooting/errors#invalidsessionidexception
Stacktrace:
	chromedriver!GetHandleVerifier [0x7ff76d9a29c5+2ed785]
	chromedriver!GetHandleVerifier [0x7ff76d6ca0d0+14e90]
	chromedriver!(No symbol) [0x7ff76d42d916]
	chromedriver!(No symbol) [0x7ff76d478313]
	chromedriver!(No symbol) [0x7ff76d4afe92]
	chromedriver!(No symbol) [0x7ff76d4aa011]
	chromedriver!(No symbol) [0x7ff76d4a92c3]
	chromedriver!(No symbol) [0x7ff76d3f6565]
	chromedriver!GetHandleVerifier [0x7ff76d9cde0d+318bcd]
	chromedriver!GetHandleVerifier [0x7ff76d9c8588+313348]
	chromedriver!GetHandleVerifier [0x7ff76d9e9d7a+334b3a]
	chromedriver!GetHandleVerifier [0x7ff76d6e6785+31545]
	chromedriver!GetHandleVerifier [0x7ff76d6efacc+3a88c]
	chromedriver!(No symbol) [0x7ff76d3f532a]
	chromedriver!GetHandleVerifier [0x7ff76db24b48+46f908]
	KERNEL32!BaseThreadInitThunk [0x7ff92e7ce8d7+17]
	ntdll!RtlUserThreadStart [0x7ff92f58c48c+2c]

  [INFO] 색상 '검정색'→'블랙' 매칭 실패 → '기타' 선택
  [경고] 색상(기타) 옵션 없음 (검색: '기타')
  [경고] 좌석수 필드 없음 (TempVehDetails[seats])
  [경고] 가격 필드 없음 (id=trade-price-input)
  [경고] 가격(name) 필드 없음 (TempVehDetails[trade_price_input])
  [경고] 할인가 필드 없음 (TempVehDetails[available_discount])
  [경고] 재고위치 옵션 없음 (검색: 'KOREA')
  [INFO] 매핑된 옵션 없음 (총 37개)
  [INFO] 이미지 다운로드 시작...
  [OK] 이미지 다운로드 드라이버 초기화 (download → C:\Users\gglee\OneDrive\Desktop\비포워드_자동화\downloaded_images)
  [드라이브 접속] https://drive.google.com/drive/folders/164IcAuag6ICEIHaCfpfjgnO4aTfDCe88?usp=dri
  [OK] EXTERIOR 폴더 발견, 더블클릭...
  [OK] EXTERIOR 파일 목록 로딩 완료
  [INFO] 기존 row_1277 폴더 정리 완료
  [OK] 2개 파일 발견
  [OK] 전체 선택 (Ctrl+A)
  [OK] 다운로드 시작 (툴바 버튼)
  [대기] 다운로드 완료 대기 (최대 90초)...
    Phase 1: 다운로드 시작 대기...
    Phase 1 완료: 새 파일 감지 ['미확인 806219.crdownload']
    Phase 2: 다운로드 완료 대기...
  [경고] 다운로드 완료 대기 타임아웃
  [DEBUG] 다운로드 폴더 신규 파일: ['미확인 806219.crdownload']
  [INFO] ZIP 없음, 개별 이미지 확인...
  [완료] 총 0개 이미지 다운로드
  [INFO] 드라이브 이미지 다운로드 완료: 0개
  [INFO] 다운로드 결과: 0개 파일
  [경고] 이미지 다운로드 실패 - 이미지 없이 등록 진행
  [경고] 클릭 실패 (timeout): //*[@id="chk-compensation-agree"]
[OK] 저장 버튼 클릭 완료
  [DEBUG] 저장 후 URL: https://external-vendor.beforward.jp/login
  [DEBUG] 캡처된 alert: None
  [경고] listing ID를 찾을 수 없음 (chassis=MU319409)
  [경고] listing ID 추출 실패
  [SS] 스크린샷 저장: screenshots/20260404_152944_listing_id_not_found.png
[Row 1277] [RETRY] 시도 2 실패
[Row 1277] [RETRY] 3/3 재시도...

[INFO] 비포워드 차량 정보 입력 시작
  차대번호: MU319409
  연식: 2020
  주행거리: 90863
  가격: 18541
  [OK] 신규 등록 폼 이동 완료
  [재원표 매칭] '싼타페' → 제조사:HYUNDAI | 모델:Santa Fe | 타입:SUV | 문:5 | 좌석:5
  [경고] 제조사 Select2 컨테이너 클릭 실패: Message: no such element: Unable to locate element: {"method":"xpath","selector":"//*[@id="select2-make-id-container"]"}
  (Session info: chrome=146.0.7680.178); For documentation on this error, please visit: https://www.selenium.dev/documentation/webdriver/troubleshooting/errors#nosuchelementexception
Stacktrace:
	chromedriver!GetHandleVerifier [0x7ff76d9a29c5+2ed785]
	chromedriver!GetHandleVerifier [0x7ff76d6ca0d0+14e90]
	chromedriver!(No symbol) [0x7ff76d42db2d]
	chromedriver!(No symbol) [0x7ff76d486b9e]
	chromedriver!(No symbol) [0x7ff76d486eac]
	chromedriver!(No symbol) [0x7ff76d4d6fe7]
	chromedriver!(No symbol) [0x7ff76d4d3b9b]
	chromedriver!(No symbol) [0x7ff76d479298]
	chromedriver!(No symbol) [0x7ff76d47a183]
	chromedriver!GetHandleVerifier [0x7ff76d9cde0d+318bcd]
	chromedriver!GetHandleVerifier [0x7ff76d9c8588+313348]
	chromedriver!GetHandleVerifier [0x7ff76d9e9d7a+334b3a]
	chromedriver!GetHandleVerifier [0x7ff76d6e6785+31545]
	chromedriver!GetHandleVerifier [0x7ff76d6efacc+3a88c]
	chromedriver!GetHandleVerifier [0x7ff76d6d3634+1e3f4]
	chromedriver!GetHandleVerifier [0x7ff76d6d37e6+1e5a6]
	chromedriver!GetHandleVerifier [0x7ff76d6b7e37+2bf7]
	KERNEL32!BaseThreadInitThunk [0x7ff92e7ce8d7+17]
	ntdll!RtlUserThreadStart [0x7ff92f58c48c+2c]

  [경고] 폼 필드 대기 타임아웃 (15초)
  [경고] 모델년도 선택 실패 (value=2020)
  [경고] 제조년월 선택 실패 (value=2020)
  [경고] 길이(cm) 필드 없음 (TempVehDetails[length])
  [경고] 너비(cm) 필드 없음 (TempVehDetails[width])
  [경고] 높이(cm) 필드 없음 (TempVehDetails[height])
  [경고] M3 필드 없음 (TempVehDetails[m3])
  [INFO] CBM 기본값: 470x190x175cm, M3=15.627
  [경고] 차대번호 필드 없음 (TempVehDetails[chassis_no])
  [경고] 차량타입 선택 실패: SUV
  [경고] 주행거리 필드 없음 (TempVehDetails[mileage])
  [경고] 배기량 필드 없음 (TempVehDetails[engine_capacity])
  [경고] 연료 옵션 없음 (검색: '경유')
  [경고] 변속기 옵션 없음 (검색: 'Automatic')
  [경고] 핸들(우핸들) 라디오 없음 (name='TempVehDetails[steering]', value='1')
  [경고] 문개수 입력/선택 실패
  [경고] 구동방식 라디오 없음 (name='TempVehDetails[drive_type]', value='3')
  [INFO] 색상 '검정색'→'블랙' 매칭 실패 → '기타' 선택
  [경고] 색상(기타) 옵션 없음 (검색: '기타')
  [경고] 좌석수 필드 없음 (TempVehDetails[seats])
  [경고] 가격 필드 없음 (id=trade-price-input)
  [경고] 가격(name) 필드 없음 (TempVehDetails[trade_price_input])
  [경고] 할인가 필드 없음 (TempVehDetails[available_discount])
  [경고] 재고위치 옵션 없음 (검색: 'KOREA')
  [INFO] 매핑된 옵션 없음 (총 37개)
  [INFO] 이미지 다운로드 시작...
  [OK] 이미지 다운로드 드라이버 초기화 (download → C:\Users\gglee\OneDrive\Desktop\비포워드_자동화\downloaded_images)
  [드라이브 접속] https://drive.google.com/drive/folders/164IcAuag6ICEIHaCfpfjgnO4aTfDCe88?usp=dri
  [OK] EXTERIOR 폴더 발견, 더블클릭...
  [OK] EXTERIOR 파일 목록 로딩 완료
  [INFO] 기존 row_1277 폴더 정리 완료
  [OK] 2개 파일 발견
  [OK] 전체 선택 (Ctrl+A)
  [OK] 다운로드 시작 (툴바 버튼)
  [대기] 다운로드 완료 대기 (최대 90초)...
    Phase 1: 다운로드 시작 대기...
    Phase 1 완료: 새 파일 감지 ['미확인 806219.crdownload']
    Phase 2: 다운로드 완료 대기...
  [경고] 다운로드 완료 대기 타임아웃
  [DEBUG] 다운로드 폴더 신규 파일: ['EXTERIOR-20260404T063028Z-3-001.zip', '미확인 806219.crdownload']
  [OK] ZIP 후보 발견: EXTERIOR-20260404T063028Z-3-001.zip
    [OK] KakaoTalk_20260331_125558487.jpg
    [OK] KakaoTalk_20260331_125558487_01.jpg
    [OK] KakaoTalk_20260331_125558487_02.jpg
    [OK] KakaoTalk_20260331_125558487_03.jpg
    [OK] KakaoTalk_20260331_125558487_04.jpg
    [OK] KakaoTalk_20260331_125558487_05.jpg
    [OK] KakaoTalk_20260331_125558487_06.jpg
    [OK] KakaoTalk_20260331_125558487_08.jpg
    [OK] KakaoTalk_20260331_125606846.jpg
    [OK] KakaoTalk_20260331_125606846_01.jpg
    [OK] KakaoTalk_20260331_125606846_02.jpg
    [OK] KakaoTalk_20260331_125606846_03.jpg
  [완료] 총 12개 이미지 다운로드
  [INFO] 드라이브 이미지 다운로드 완료: 12개
    - KakaoTalk_20260331_125558487.jpg (625455 bytes)
    - KakaoTalk_20260331_125558487_01.jpg (560440 bytes)
    - KakaoTalk_20260331_125558487_02.jpg (554766 bytes)
    - KakaoTalk_20260331_125558487_03.jpg (550323 bytes)
    - KakaoTalk_20260331_125558487_04.jpg (554893 bytes)
  [INFO] 다운로드 결과: 12개 파일
  [경고] 클릭 실패 (timeout): //*[@id="chk-compensation-agree"]
[OK] 저장 버튼 클릭 완료
  [DEBUG] 저장 후 URL: https://external-vendor.beforward.jp/login
  [DEBUG] 캡처된 alert: None
  [경고] listing ID를 찾을 수 없음 (chassis=MU319409)
  [경고] listing ID 추출 실패
  [SS] 스크린샷 저장: screenshots/20260404_153217_listing_id_not_found.png
[Row 1277] [RETRY] 시도 3 실패
[Row 1277] [ERR] 업로드 3회 모두 실패
[OK] Row 1277 | Updated COMPLETED: FAILED
  [OK] S열 하이퍼링크 추출: https://drive.google.com/drive/folders/1CQxMrhcoRGnTYrJ4Ab-NX9DYxwUjRx3s?usp=dri

[Row 1278] 엔카 크롤링: https://fem.encar.com/cars/detail/41640390?pageid=tr_carsear...

============================================================
                        차량 정보 크롤링 시작                        
============================================================
URL: https://fem.encar.com/cars/detail/41640390?pageid=tr_carsearch&listAdvType=normal&carid=41640390&view_type=checked&adv_attribute=&wtClick_tr=019&advClickPosition=tr_normal_p10_g4&tempht_arg=w135xVV4ppG9_3

차량 ID: 41640390

[ 기본 차량 정보 추출 중... ]
  [DEBUG] 현재 URL: https://fem.encar.com/cars/detail/41640390?pageid=tr_carsearch&listAdvType=normal&carid=41640390&view_type=checked&adv_attribute=&wtClick_tr=019&advClickPosition=tr_normal_p10_g4&tempht_arg=w135xVV4ppG9_3
  [DEBUG] 페이지 제목: 포터 Ⅱ 카고(화물)트럭 1톤 슈퍼캡 CRDI 인천 중고차 : 내차팔기·내차사기
[OK] 기본 차량 정보 추출 완료
  가격: 690만원 -> 690
  연식: 12년 07월 (13년형) -> 2012
  배기량: 2,497cc · 133마력 -> 2497
  주행거리: 172,485km -> 172485
  차종: 포터 Ⅱ카고(화물)트럭1톤슈퍼캡 CRDI

[ 판매자 정보 추출 중... ]
  주소: 인천 서구 가좌동
  연락처 버튼 클릭 성공
  전화번호 버튼 클릭 성공
[OK] 판매자 정보 추출 완료
Traceback (most recent call last):
  File "C:\Users\gglee\OneDrive\Desktop\비포워드_자동화\비포워드_crawling.py", line 786, in _async_fill_vehicle_data
    print(f"  [INFO] 다운로드 결과: {len(image_files)}개 파일")
                    ^^^^^^^^^^^^^^^^^^^^^^^^^^^^^^^^^^
  File "C:\Users\gglee\OneDrive\Desktop\비포워드_자동화\비포워드_crawling.py", line 58, in evaluate
    return self._driver.execute_script(script)
           ^^^^^^^^^^^^^^^^^^^^^^^^^^^^^^^^^^^
  File "C:\Users\gglee\OneDrive\Desktop\비포워드_자동화\.venv\Lib\site-packages\selenium\webdriver\remote\webdriver.py", line 518, in execute_script
    return self.execute(command, {"script": script, "args": converted_args})["value"]
           ^^^^^^^^^^^^^^^^^^^^^^^^^^^^^^^^^^^^^^^^^^^^^^^^^^^^^^^^^^^^^^^^^
  File "C:\Users\gglee\OneDrive\Desktop\비포워드_자동화\.venv\Lib\site-packages\selenium\webdriver\remote\webdriver.py", line 432, in execute
    self.error_handler.check_response(response)
  File "C:\Users\gglee\OneDrive\Desktop\비포워드_자동화\.venv\Lib\site-packages\selenium\webdriver\remote\errorhandler.py", line 232, in check_response
    raise exception_class(message, screen, stacktrace)
selenium.common.exceptions.InvalidSessionIdException: Message: invalid session id; For documentation on this error, please visit: https://www.selenium.dev/documentation/webdriver/troubleshooting/errors#invalidsessionidexception
Stacktrace:
	chromedriver!GetHandleVerifier [0x7ff76d9a29c5+2ed785]
	chromedriver!GetHandleVerifier [0x7ff76d6ca0d0+14e90]
	chromedriver!(No symbol) [0x7ff76d42d916]
	chromedriver!(No symbol) [0x7ff76d478313]
	chromedriver!(No symbol) [0x7ff76d4afe92]
	chromedriver!(No symbol) [0x7ff76d4aa011]
	chromedriver!(No symbol) [0x7ff76d4a92c3]
	chromedriver!(No symbol) [0x7ff76d3f6565]
	chromedriver!GetHandleVerifier [0x7ff76d9cde0d+318bcd]
	chromedriver!GetHandleVerifier [0x7ff76d9c8588+313348]
	chromedriver!GetHandleVerifier [0x7ff76d9e9d7a+334b3a]
	chromedriver!GetHandleVerifier [0x7ff76d6e6785+31545]
	chromedriver!GetHandleVerifier [0x7ff76d6efacc+3a88c]
	chromedriver!(No symbol) [0x7ff76d3f532a]
	chromedriver!GetHandleVerifier [0x7ff76db24b48+46f908]
	KERNEL32!BaseThreadInitThunk [0x7ff92e7ce8d7+17]
	ntdll!RtlUserThreadStart [0x7ff92f58c48c+2c]


[ 옵션 정보 추출 중... ]
  옵션 페이지: https://fem.encar.com/cars/option/41640390
[OK] 옵션 8개 추출 (매핑 5개): ['CD 플레이어', 'AUX 단자', '파워 스티어링', '가죽 시트', '열선 시트(앞좌석)']

[ 성능점검 정보 추출 중... ]
성능점검 페이지로 이동: https://www.encar.com/md/sl/mdsl_regcar.do?method=inspectionViewNew&carid=41640390
[OK] 성능점검 정보 추출 완료
  성능점검기록부: KMFZCZ7KBDU897463

[OK] 모든 정보 추출 완료
[Row 1278] [OK] 엔카 크롤링 완료
[Row 1278] 판매가격 기준(P열): 4789
[Row 1278] 업로드 가격: 5147
[Row 1278] 차대번호 설정(시트): DU897463
[Row 1278] [DEBUG] S열(batch) raw='https://drive.google.com/drive/folders/1CQxMrhcoRGnTYrJ4Ab-NX9DYxwUjRx3s?usp=drive_link'
[Row 1278] 드라이브 링크 설정: https://drive.google.com/drive/folders/1CQxMrhcoRGnTYrJ4Ab-NX9DYxwUjRx3s?usp=drive_link
[Row 1278] 비포워드 업로드 중...

[INFO] 비포워드 차량 정보 입력 시작
  차대번호: DU897463
  연식: 2012
  주행거리: 172485
  가격: 5147
  [OK] 신규 등록 폼 이동 완료
  [재원표 매칭] '포터 Ⅱ' → 제조사:HYUNDAI | 모델:Porter | 타입:트럭 | 문:2 | 좌석:3
  [경고] 제조사 Select2 컨테이너 클릭 실패: Message: no such element: Unable to locate element: {"method":"xpath","selector":"//*[@id="select2-make-id-container"]"}
  (Session info: chrome=146.0.7680.178); For documentation on this error, please visit: https://www.selenium.dev/documentation/webdriver/troubleshooting/errors#nosuchelementexception
Stacktrace:
	chromedriver!GetHandleVerifier [0x7ff76d9a29c5+2ed785]
	chromedriver!GetHandleVerifier [0x7ff76d6ca0d0+14e90]
	chromedriver!(No symbol) [0x7ff76d42db2d]
	chromedriver!(No symbol) [0x7ff76d486b9e]
	chromedriver!(No symbol) [0x7ff76d486eac]
	chromedriver!(No symbol) [0x7ff76d4d6fe7]
	chromedriver!(No symbol) [0x7ff76d4d3b9b]
	chromedriver!(No symbol) [0x7ff76d479298]
	chromedriver!(No symbol) [0x7ff76d47a183]
	chromedriver!GetHandleVerifier [0x7ff76d9cde0d+318bcd]
	chromedriver!GetHandleVerifier [0x7ff76d9c8588+313348]
	chromedriver!GetHandleVerifier [0x7ff76d9e9d7a+334b3a]
	chromedriver!GetHandleVerifier [0x7ff76d6e6785+31545]
	chromedriver!GetHandleVerifier [0x7ff76d6efacc+3a88c]
	chromedriver!GetHandleVerifier [0x7ff76d6d3634+1e3f4]
	chromedriver!GetHandleVerifier [0x7ff76d6d37e6+1e5a6]
	chromedriver!GetHandleVerifier [0x7ff76d6b7e37+2bf7]
	KERNEL32!BaseThreadInitThunk [0x7ff92e7ce8d7+17]
	ntdll!RtlUserThreadStart [0x7ff92f58c48c+2c]

  [경고] 폼 필드 대기 타임아웃 (15초)
  [경고] 모델년도 선택 실패 (value=2012)
  [경고] 제조년월 선택 실패 (value=2012)
  [경고] 길이(cm) 필드 없음 (TempVehDetails[length])
  [경고] 너비(cm) 필드 없음 (TempVehDetails[width])
  [경고] 높이(cm) 필드 없음 (TempVehDetails[height])
  [경고] M3 필드 없음 (TempVehDetails[m3])
  [INFO] CBM 기본값: 500x180x180cm, M3=16.2
  [경고] 차대번호 필드 없음 (TempVehDetails[chassis_no])
  [경고] 차량타입 선택 실패: Truck
  [경고] 주행거리 필드 없음 (TempVehDetails[mileage])
  [경고] 배기량 필드 없음 (TempVehDetails[engine_capacity])
  [경고] 연료 옵션 없음 (검색: '경유')
  [경고] 변속기 옵션 없음 (검색: 'Automatic')
  [경고] 핸들(우핸들) 라디오 없음 (name='TempVehDetails[steering]', value='1')
  [경고] 문개수 입력/선택 실패
  [경고] 구동방식 라디오 없음 (name='TempVehDetails[drive_type]', value='2')
  [INFO] 색상 '청색'→'블루' 매칭 실패 → '기타' 선택
  [경고] 색상(기타) 옵션 없음 (검색: '기타')
  [경고] 좌석수 필드 없음 (TempVehDetails[seats])
  [경고] 가격 필드 없음 (id=trade-price-input)
  [경고] 가격(name) 필드 없음 (TempVehDetails[trade_price_input])
  [경고] 할인가 필드 없음 (TempVehDetails[available_discount])
  [경고] 재고위치 옵션 없음 (검색: 'KOREA')
  [INFO] 매핑된 옵션 없음 (총 10개)
  [INFO] 이미지 다운로드 시작...
  [OK] 이미지 다운로드 드라이버 초기화 (download → C:\Users\gglee\OneDrive\Desktop\비포워드_자동화\downloaded_images)
  [드라이브 접속] https://drive.google.com/drive/folders/1CQxMrhcoRGnTYrJ4Ab-NX9DYxwUjRx3s?usp=dri
  [OK] EXTERIOR 폴더 발견, 더블클릭...
  [OK] EXTERIOR 파일 목록 로딩 완료
  [INFO] 기존 row_1278 폴더 정리 완료
  [OK] 2개 파일 발견
  [OK] 전체 선택 (Ctrl+A)
  [OK] 다운로드 시작 (툴바 버튼)
  [대기] 다운로드 완료 대기 (최대 90초)...
    Phase 1: 다운로드 시작 대기...
    Phase 1 완료: 새 파일 감지 ['미확인 806219.crdownload']
    Phase 2: 다운로드 완료 대기...
  [경고] 다운로드 완료 대기 타임아웃
  [DEBUG] 다운로드 폴더 신규 파일: ['EXTERIOR-20260404T063347Z-3-001.zip', 'EXTERIOR-20260404T063405Z-3-001.zip', '미확인 806219.crdownload']
  [OK] ZIP 후보 발견: EXTERIOR-20260404T063405Z-3-001.zip
    [OK] KakaoTalk_20260331_125843341.jpg
    [OK] KakaoTalk_20260331_125843341_01.jpg
    [OK] KakaoTalk_20260331_125843341_02.jpg
    [OK] KakaoTalk_20260331_125843341_03.jpg
    [OK] KakaoTalk_20260331_125843341_04.jpg
    [OK] KakaoTalk_20260331_125843341_05.jpg
    [OK] KakaoTalk_20260331_125843341_06.jpg
    [OK] KakaoTalk_20260331_125843341_07.jpg
    [OK] KakaoTalk_20260331_125843341_08.jpg
    [OK] KakaoTalk_20260331_125843341_09.jpg
    [OK] KakaoTalk_20260331_125843341_10.jpg
    [OK] KakaoTalk_20260331_125843341_11.jpg
  [완료] 총 12개 이미지 다운로드
  [INFO] 드라이브 이미지 다운로드 완료: 12개
    - KakaoTalk_20260331_125843341.jpg (698871 bytes)
    - KakaoTalk_20260331_125843341_01.jpg (742419 bytes)
    - KakaoTalk_20260331_125843341_02.jpg (763580 bytes)
    - KakaoTalk_20260331_125843341_03.jpg (754684 bytes)
    - KakaoTalk_20260331_125843341_04.jpg (696450 bytes)
  [INFO] 다운로드 결과: 12개 파일
  [경고] 클릭 실패 (timeout): //*[@id="chk-compensation-agree"]
[경고] 저장 중 오류: Message: invalid session id; For documentation on this error, please visit: https://www.selenium.dev/documentation/webdriver/troubleshooting/errors#invalidsessionidexception
Stacktrace:
	chromedriver!GetHandleVerifier [0x7ff76d9a29c5+2ed785]
	chromedriver!GetHandleVerifier [0x7ff76d6ca0d0+14e90]
	chromedriver!(No symbol) [0x7ff76d42d916]
	chromedriver!(No symbol) [0x7ff76d478313]
	chromedriver!(No symbol) [0x7ff76d4afe92]
	chromedriver!(No symbol) [0x7ff76d4aa011]
	chromedriver!(No symbol) [0x7ff76d4a92c3]
	chromedriver!(No symbol) [0x7ff76d3f6565]
	chromedriver!GetHandleVerifier [0x7ff76d9cde0d+318bcd]
	chromedriver!GetHandleVerifier [0x7ff76d9c8588+313348]
	chromedriver!GetHandleVerifier [0x7ff76d9e9d7a+334b3a]
	chromedriver!GetHandleVerifier [0x7ff76d6e6785+31545]
	chromedriver!GetHandleVerifier [0x7ff76d6efacc+3a88c]
	chromedriver!(No symbol) [0x7ff76d3f532a]
	chromedriver!GetHandleVerifier [0x7ff76db24b48+46f908]
	KERNEL32!BaseThreadInitThunk [0x7ff92e7ce8d7+17]
	ntdll!RtlUserThreadStart [0x7ff92f58c48c+2c]

  [경고] 스크린샷 저장 실패: Message: invalid session id; For documentation on this error, please visit: https://www.selenium.dev/documentation/webdriver/troubleshooting/errors#invalidsessionidexception
Stacktrace:
	chromedriver!GetHandleVerifier [0x7ff76d9a29c5+2ed785]
	chromedriver!GetHandleVerifier [0x7ff76d6ca0d0+14e90]
	chromedriver!(No symbol) [0x7ff76d42d916]
	chromedriver!(No symbol) [0x7ff76d478313]
	chromedriver!(No symbol) [0x7ff76d4afe92]
	chromedriver!(No symbol) [0x7ff76d4aa011]
	chromedriver!(No symbol) [0x7ff76d4a92c3]
	chromedriver!(No symbol) [0x7ff76d3f6565]
	chromedriver!GetHandleVerifier [0x7ff76d9cde0d+318bcd]
	chromedriver!GetHandleVerifier [0x7ff76d9c8588+313348]
	chromedriver!GetHandleVerifier [0x7ff76d9e9d7a+334b3a]
	chromedriver!GetHandleVerifier [0x7ff76d6e6785+31545]
	chromedriver!GetHandleVerifier [0x7ff76d6efacc+3a88c]
	chromedriver!(No symbol) [0x7ff76d3f532a]
	chromedriver!GetHandleVerifier [0x7ff76db24b48+46f908]
	KERNEL32!BaseThreadInitThunk [0x7ff92e7ce8d7+17]
	ntdll!RtlUserThreadStart [0x7ff92f58c48c+2c]

[Row 1278] [RETRY] 시도 1 실패
[Row 1278] [RETRY] Chrome 재시작 중...
[OK] BeForward 업로드 드라이버 종료
[INFO] BeForward 업로드 드라이버 초기화 완료 (Chrome/Selenium)
[INFO] BeForward 로그인: https://external-vendor.beforward.jp/tempVehDetails/edit
[OK] 로그인 성공: https://external-vendor.beforward.jp/tempVehDetails/edit
[INFO] 팝업 닫기 완료
[Row 1278] [RETRY] 2/3 재시도...

[INFO] 비포워드 차량 정보 입력 시작
  차대번호: DU897463
  연식: 2012
Traceback (most recent call last):
  File "C:\Users\gglee\OneDrive\Desktop\비포워드_자동화\비포워드_crawling.py", line 942, in _async_upload_images_for_listing
    self._capture_screenshot("image_tab_click_failed")
    ^^^^^^^^^^^^^^^^^^^^^^^^^^^^^^^^^^^^
  File "C:\Users\gglee\OneDrive\Desktop\비포워드_자동화\비포워드_crawling.py", line 1720, in _save_image_upload_page
  File "C:\Users\gglee\OneDrive\Desktop\비포워드_자동화\비포워드_crawling.py", line 58, in evaluate
    return self._driver.execute_script(script)
           ^^^^^^^^^^^^^^^^^^^^^^^^^^^^^^^^^^^
  File "C:\Users\gglee\OneDrive\Desktop\비포워드_자동화\.venv\Lib\site-packages\selenium\webdriver\remote\webdriver.py", line 518, in execute_script
    return self.execute(command, {"script": script, "args": converted_args})["value"]
           ^^^^^^^^^^^^^^^^^^^^^^^^^^^^^^^^^^^^^^^^^^^^^^^^^^^^^^^^^^^^^^^^^
  File "C:\Users\gglee\OneDrive\Desktop\비포워드_자동화\.venv\Lib\site-packages\selenium\webdriver\remote\webdriver.py", line 432, in execute
    self.error_handler.check_response(response)
  File "C:\Users\gglee\OneDrive\Desktop\비포워드_자동화\.venv\Lib\site-packages\selenium\webdriver\remote\errorhandler.py", line 232, in check_response
    raise exception_class(message, screen, stacktrace)
selenium.common.exceptions.InvalidSessionIdException: Message: invalid session id; For documentation on this error, please visit: https://www.selenium.dev/documentation/webdriver/troubleshooting/errors#invalidsessionidexception
Stacktrace:
	chromedriver!GetHandleVerifier [0x7ff76d9a29c5+2ed785]
	chromedriver!GetHandleVerifier [0x7ff76d6ca0d0+14e90]
	chromedriver!(No symbol) [0x7ff76d42d916]
	chromedriver!(No symbol) [0x7ff76d478313]
	chromedriver!(No symbol) [0x7ff76d4afe92]
	chromedriver!(No symbol) [0x7ff76d4aa011]
	chromedriver!(No symbol) [0x7ff76d4a92c3]
	chromedriver!(No symbol) [0x7ff76d3f6565]
	chromedriver!GetHandleVerifier [0x7ff76d9cde0d+318bcd]
	chromedriver!GetHandleVerifier [0x7ff76d9c8588+313348]
	chromedriver!GetHandleVerifier [0x7ff76d9e9d7a+334b3a]
	chromedriver!GetHandleVerifier [0x7ff76d6e6785+31545]
	chromedriver!GetHandleVerifier [0x7ff76d6efacc+3a88c]
	chromedriver!(No symbol) [0x7ff76d3f532a]
	chromedriver!GetHandleVerifier [0x7ff76db24b48+46f908]
	KERNEL32!BaseThreadInitThunk [0x7ff92e7ce8d7+17]
	ntdll!RtlUserThreadStart [0x7ff92f58c48c+2c]

  주행거리: 172485
  가격: 5147
  [OK] 신규 등록 폼 이동 완료
  [재원표 매칭] '포터 Ⅱ' → 제조사:HYUNDAI | 모델:Porter | 타입:트럭 | 문:2 | 좌석:3
  제조사: 'HYUNDAI' (유사도: 0.95)
  모델: 'Porter' (1초 후)
  [경고] 폼 필드 대기 타임아웃 (15초)
  [경고] 모델년도 선택 실패 (value=2012)
  [경고] 제조년월 선택 실패 (value=2012)
  [경고] 길이(cm) 필드 없음 (TempVehDetails[length])
  [경고] 너비(cm) 필드 없음 (TempVehDetails[width])
  [경고] 높이(cm) 필드 없음 (TempVehDetails[height])
  [경고] M3 필드 없음 (TempVehDetails[m3])
  [INFO] CBM 기본값: 500x180x180cm, M3=16.2
  [경고] 차대번호 필드 없음 (TempVehDetails[chassis_no])
  [경고] 차량타입 선택 실패: Truck
  [경고] 주행거리 필드 없음 (TempVehDetails[mileage])
  [경고] 배기량 필드 없음 (TempVehDetails[engine_capacity])
  [경고] 연료 옵션 없음 (검색: '경유')
  [경고] 변속기 옵션 없음 (검색: 'Automatic')
  [경고] 핸들(우핸들) 라디오 없음 (name='TempVehDetails[steering]', value='1')
  [경고] 문개수 입력/선택 실패
  [경고] 구동방식 라디오 없음 (name='TempVehDetails[drive_type]', value='2')
  [INFO] 색상 '청색'→'블루' 매칭 실패 → '기타' 선택
  [경고] 색상(기타) 옵션 없음 (검색: '기타')
  [경고] 좌석수 필드 없음 (TempVehDetails[seats])
  [경고] 가격 필드 없음 (id=trade-price-input)
  [경고] 가격(name) 필드 없음 (TempVehDetails[trade_price_input])
  [경고] 할인가 필드 없음 (TempVehDetails[available_discount])
  [경고] 재고위치 옵션 없음 (검색: 'KOREA')
  [INFO] 매핑된 옵션 없음 (총 10개)
  [INFO] 이미지 다운로드 시작...
  [OK] 이미지 다운로드 드라이버 초기화 (download → C:\Users\gglee\OneDrive\Desktop\비포워드_자동화\downloaded_images)
  [드라이브 접속] https://drive.google.com/drive/folders/1CQxMrhcoRGnTYrJ4Ab-NX9DYxwUjRx3s?usp=dri
  [OK] EXTERIOR 폴더 발견, 더블클릭...
  [OK] EXTERIOR 파일 목록 로딩 완료
  [INFO] 기존 row_1278 폴더 정리 완료
  [OK] 1개 파일 발견
  [OK] 전체 선택 (Ctrl+A)
  [OK] 다운로드 시작 (툴바 버튼)
  [대기] 다운로드 완료 대기 (최대 90초)...
    Phase 1: 다운로드 시작 대기...
    Phase 1 완료: 새 파일 감지 ['미확인 806219.crdownload']
    Phase 2: 다운로드 완료 대기...
  [경고] 다운로드 완료 대기 타임아웃
  [DEBUG] 다운로드 폴더 신규 파일: ['EXTERIOR-20260405T155326Z-3-001.zip', 'EXTERIOR-20260405T155327Z-3-001.zip', '미확인 806219.crdownload']
  [OK] ZIP 후보 발견: EXTERIOR-20260405T155327Z-3-001.zip
    [OK] KakaoTalk_20260331_163246255.jpg
    [OK] KakaoTalk_20260331_163246255_01.jpg
    [OK] KakaoTalk_20260331_163246255_02.jpg
    [OK] KakaoTalk_20260331_163246255_03.jpg
    [OK] KakaoTalk_20260331_163246255_04.jpg
    [OK] KakaoTalk_20260331_163246255_05.jpg
    [OK] KakaoTalk_20260331_163246255_07.jpg
    [OK] KakaoTalk_20260331_163246255_09.jpg
    [OK] KakaoTalk_20260331_163304168.jpg
    [OK] KakaoTalk_20260331_163304168_03.jpg
    [OK] KakaoTalk_20260331_163304168_06.jpg
    [OK] KakaoTalk_20260331_163304168_09.jpg
  [완료] 총 12개 이미지 다운로드
  [INFO] 드라이브 이미지 다운로드 완료: 12개
    - KakaoTalk_20260331_163246255.jpg (4237360 bytes)
    - KakaoTalk_20260331_163246255_01.jpg (3908609 bytes)
    - KakaoTalk_20260331_163246255_02.jpg (4340460 bytes)
    - KakaoTalk_20260331_163246255_03.jpg (4534418 bytes)
    - KakaoTalk_20260331_163246255_04.jpg (4574366 bytes)
  [INFO] 다운로드 결과: 12개 파일
  [경고] 클릭 실패 (timeout): //*[@id="chk-compensation-agree"]
[경고] 저장 중 오류: Message: invalid session id; For documentation on this error, please visit: https://www.selenium.dev/documentation/webdriver/troubleshooting/errors#invalidsessionidexception
Stacktrace:
	chromedriver!GetHandleVerifier [0x7ff76d9a29c5+2ed785]
	chromedriver!GetHandleVerifier [0x7ff76d6ca0d0+14e90]
	chromedriver!(No symbol) [0x7ff76d42d916]
	chromedriver!(No symbol) [0x7ff76d478313]
	chromedriver!(No symbol) [0x7ff76d4afe92]
	chromedriver!(No symbol) [0x7ff76d4aa011]
	chromedriver!(No symbol) [0x7ff76d4a92c3]
	chromedriver!(No symbol) [0x7ff76d3f6565]
	chromedriver!GetHandleVerifier [0x7ff76d9cde0d+318bcd]
	chromedriver!GetHandleVerifier [0x7ff76d9c8588+313348]
	chromedriver!GetHandleVerifier [0x7ff76d9e9d7a+334b3a]
	chromedriver!GetHandleVerifier [0x7ff76d6e6785+31545]
	chromedriver!GetHandleVerifier [0x7ff76d6efacc+3a88c]
	chromedriver!(No symbol) [0x7ff76d3f532a]
	chromedriver!GetHandleVerifier [0x7ff76db24b48+46f908]
	KERNEL32!BaseThreadInitThunk [0x7ff92e7ce8d7+17]
	ntdll!RtlUserThreadStart [0x7ff92f58c48c+2c]

  [경고] 스크린샷 저장 실패: Message: invalid session id; For documentation on this error, please visit: https://www.selenium.dev/documentation/webdriver/troubleshooting/errors#invalidsessionidexception
Stacktrace:
	chromedriver!GetHandleVerifier [0x7ff76d9a29c5+2ed785]
	chromedriver!GetHandleVerifier [0x7ff76d6ca0d0+14e90]
	chromedriver!(No symbol) [0x7ff76d42d916]
	chromedriver!(No symbol) [0x7ff76d478313]
	chromedriver!(No symbol) [0x7ff76d4afe92]
	chromedriver!(No symbol) [0x7ff76d4aa011]
	chromedriver!(No symbol) [0x7ff76d4a92c3]
	chromedriver!(No symbol) [0x7ff76d3f6565]
	chromedriver!GetHandleVerifier [0x7ff76d9cde0d+318bcd]
	chromedriver!GetHandleVerifier [0x7ff76d9c8588+313348]
	chromedriver!GetHandleVerifier [0x7ff76d9e9d7a+334b3a]
	chromedriver!GetHandleVerifier [0x7ff76d6e6785+31545]
	chromedriver!GetHandleVerifier [0x7ff76d6efacc+3a88c]
	chromedriver!(No symbol) [0x7ff76d3f532a]
	chromedriver!GetHandleVerifier [0x7ff76db24b48+46f908]
	KERNEL32!BaseThreadInitThunk [0x7ff92e7ce8d7+17]
	ntdll!RtlUserThreadStart [0x7ff92f58c48c+2c]

[Row 1278] [RETRY] 시도 2 실패
[Row 1278] [RETRY] Chrome 재시작 중...
[OK] BeForward 업로드 드라이버 종료
[INFO] BeForward 업로드 드라이버 초기화 완료 (Chrome/Selenium)
[INFO] BeForward 로그인: https://external-vendor.beforward.jp/tempVehDetails/edit
[OK] 로그인 성공: https://external-vendor.beforward.jp/tempVehDetails/edit
[INFO] 팝업 닫기 완료
[Row 1278] [RETRY] 3/3 재시도...

[INFO] 비포워드 차량 정보 입력 시작
  차대번호: DU897463
  연식: 2012
  주행거리: 172485
  가격: 5147
  [OK] 신규 등록 폼 이동 완료
  [재원표 매칭] '포터 Ⅱ' → 제조사:HYUNDAI | 모델:Porter | 타입:트럭 | 문:2 | 좌석:3
  제조사: 'HYUNDAI' (유사도: 0.95)
  모델: 'Porter' (1초 후)
  [경고] 폼 필드 대기 타임아웃 (15초)
  [경고] 모델년도 선택 실패 (value=2012)
  [경고] 제조년월 선택 실패 (value=2012)
  [경고] 길이(cm) 필드 없음 (TempVehDetails[length])
  [경고] 너비(cm) 필드 없음 (TempVehDetails[width])
  [경고] 높이(cm) 필드 없음 (TempVehDetails[height])
  [경고] M3 필드 없음 (TempVehDetails[m3])
  [INFO] CBM 기본값: 500x180x180cm, M3=16.2
  [경고] 차대번호 필드 없음 (TempVehDetails[chassis_no])
  [경고] 차량타입 선택 실패: Truck
  [경고] 주행거리 필드 없음 (TempVehDetails[mileage])
  [경고] 배기량 필드 없음 (TempVehDetails[engine_capacity])
  [경고] 연료 옵션 없음 (검색: '경유')
  [경고] 변속기 옵션 없음 (검색: 'Automatic')
  [경고] 핸들(우핸들) 라디오 없음 (name='TempVehDetails[steering]', value='1')
  [경고] 문개수 입력/선택 실패
  [경고] 구동방식 라디오 없음 (name='TempVehDetails[drive_type]', value='2')
  [INFO] 색상 '청색'→'블루' 매칭 실패 → '기타' 선택
  [경고] 색상(기타) 옵션 없음 (검색: '기타')
  [경고] 좌석수 필드 없음 (TempVehDetails[seats])
  [경고] 가격 필드 없음 (id=trade-price-input)
  [경고] 가격(name) 필드 없음 (TempVehDetails[trade_price_input])
  [경고] 할인가 필드 없음 (TempVehDetails[available_discount])
  [경고] 재고위치 옵션 없음 (검색: 'KOREA')
  [INFO] 매핑된 옵션 없음 (총 10개)
  [INFO] 이미지 다운로드 시작...
  [OK] 이미지 다운로드 드라이버 초기화 (download → C:\Users\gglee\OneDrive\Desktop\비포워드_자동화\downloaded_images)
  [드라이브 접속] https://drive.google.com/drive/folders/1CQxMrhcoRGnTYrJ4Ab-NX9DYxwUjRx3s?usp=dri
  [OK] EXTERIOR 폴더 발견, 더블클릭...
  [OK] EXTERIOR 파일 목록 로딩 완료
  [INFO] 기존 row_1278 폴더 정리 완료
  [OK] 2개 파일 발견
  [OK] 전체 선택 (Ctrl+A)
  [OK] 다운로드 시작 (툴바 버튼)
  [대기] 다운로드 완료 대기 (최대 90초)...
    Phase 1: 다운로드 시작 대기...
    Phase 1 완료: 새 파일 감지 ['미확인 806219.crdownload']
    Phase 2: 다운로드 완료 대기...
  [경고] 다운로드 완료 대기 타임아웃
Traceback (most recent call last):
  File "C:\Users\gglee\OneDrive\Desktop\비포워드_자동화\비포워드_crawling.py", line 875, in _async_fill_vehicle_data
    self._capture_screenshot("image_upload_failed")
       ^^^^^^^^^^^^^^^^^^^^^^^^^^^^^^^^^^^^^^^^^^^^^
  File "C:\Users\gglee\OneDrive\Desktop\비포워드_자동화\비포워드_crawling.py", line 516, in _navigate_to_edit_page
    await self.tab.get(edit_url)
  File "C:\Users\gglee\OneDrive\Desktop\비포워드_자동화\비포워드_crawling.py", line 55, in get
    self._driver.get(url)
  File "C:\Users\gglee\OneDrive\Desktop\비포워드_자동화\.venv\Lib\site-packages\selenium\webdriver\remote\webdriver.py", line 452, in get
    self.execute(Command.GET, {"url": url})
  File "C:\Users\gglee\OneDrive\Desktop\비포워드_자동화\.venv\Lib\site-packages\selenium\webdriver\remote\webdriver.py", line 432, in execute
    self.error_handler.check_response(response)
  File "C:\Users\gglee\OneDrive\Desktop\비포워드_자동화\.venv\Lib\site-packages\selenium\webdriver\remote\errorhandler.py", line 232, in check_response
    raise exception_class(message, screen, stacktrace)
selenium.common.exceptions.InvalidSessionIdException: Message: invalid session id; For documentation on this error, please visit: https://www.selenium.dev/documentation/webdriver/troubleshooting/errors#invalidsessionidexception
Stacktrace:
	chromedriver!GetHandleVerifier [0x7ff76d9a29c5+2ed785]
	chromedriver!GetHandleVerifier [0x7ff76d6ca0d0+14e90]
	chromedriver!(No symbol) [0x7ff76d42d916]
	chromedriver!(No symbol) [0x7ff76d478313]
	chromedriver!(No symbol) [0x7ff76d4afe92]
	chromedriver!(No symbol) [0x7ff76d4aa011]
	chromedriver!(No symbol) [0x7ff76d4a92c3]
	chromedriver!(No symbol) [0x7ff76d3f6565]
	chromedriver!GetHandleVerifier [0x7ff76d9cde0d+318bcd]
	chromedriver!GetHandleVerifier [0x7ff76d9c8588+313348]
	chromedriver!GetHandleVerifier [0x7ff76d9e9d7a+334b3a]
	chromedriver!GetHandleVerifier [0x7ff76d6e6785+31545]
	chromedriver!GetHandleVerifier [0x7ff76d6efacc+3a88c]
	chromedriver!(No symbol) [0x7ff76d3f532a]
	chromedriver!GetHandleVerifier [0x7ff76db24b48+46f908]
	KERNEL32!BaseThreadInitThunk [0x7ff92e7ce8d7+17]
	ntdll!RtlUserThreadStart [0x7ff92f58c48c+2c]

2026-04-06 01:04:17 | ERROR | Row 1278 | UPLOAD_FAILED | ByForward upload failed after 3 retries
